Archive member included to satisfy reference by file (symbol)

/opt/st/stm32cubeide_2.1.0/plugins/com.st.stm32cube.ide.mcu.externaltools.gnu-tools-for-stm32.14.3.rel1.linux64_1.0.100.202602081740/tools/bin/../lib/gcc/arm-none-eabi/14.3.1/../../../../arm-none-eabi/lib/thumb/v7e-m+fp/hard/libc_nano.a(libc_a-assert.o)
                              ./Middlewares/Third_Party/OpenAMP/device.o (__assert_func)
/opt/st/stm32cubeide_2.1.0/plugins/com.st.stm32cube.ide.mcu.externaltools.gnu-tools-for-stm32.14.3.rel1.linux64_1.0.100.202602081740/tools/bin/../lib/gcc/arm-none-eabi/14.3.1/../../../../arm-none-eabi/lib/thumb/v7e-m+fp/hard/libc_nano.a(libc_a-exit.o)
                              /opt/st/stm32cubeide_2.1.0/plugins/com.st.stm32cube.ide.mcu.externaltools.gnu-tools-for-stm32.14.3.rel1.linux64_1.0.100.202602081740/tools/bin/../lib/gcc/arm-none-eabi/14.3.1/../../../../arm-none-eabi/lib/thumb/v7e-m+fp/hard/crt0.o (exit)
/opt/st/stm32cubeide_2.1.0/plugins/com.st.stm32cube.ide.mcu.externaltools.gnu-tools-for-stm32.14.3.rel1.linux64_1.0.100.202602081740/tools/bin/../lib/gcc/arm-none-eabi/14.3.1/../../../../arm-none-eabi/lib/thumb/v7e-m+fp/hard/libc_nano.a(libc_a-malloc.o)
                              ./Middlewares/Third_Party/OpenAMP/remoteproc_virtio.o (malloc)
/opt/st/stm32cubeide_2.1.0/plugins/com.st.stm32cube.ide.mcu.externaltools.gnu-tools-for-stm32.14.3.rel1.linux64_1.0.100.202602081740/tools/bin/../lib/gcc/arm-none-eabi/14.3.1/../../../../arm-none-eabi/lib/thumb/v7e-m+fp/hard/libc_nano.a(libc_a-mallocr.o)
                              /opt/st/stm32cubeide_2.1.0/plugins/com.st.stm32cube.ide.mcu.externaltools.gnu-tools-for-stm32.14.3.rel1.linux64_1.0.100.202602081740/tools/bin/../lib/gcc/arm-none-eabi/14.3.1/../../../../arm-none-eabi/lib/thumb/v7e-m+fp/hard/libc_nano.a(libc_a-malloc.o) (_malloc_r)
/opt/st/stm32cubeide_2.1.0/plugins/com.st.stm32cube.ide.mcu.externaltools.gnu-tools-for-stm32.14.3.rel1.linux64_1.0.100.202602081740/tools/bin/../lib/gcc/arm-none-eabi/14.3.1/../../../../arm-none-eabi/lib/thumb/v7e-m+fp/hard/libc_nano.a(libc_a-mlock.o)
                              /opt/st/stm32cubeide_2.1.0/plugins/com.st.stm32cube.ide.mcu.externaltools.gnu-tools-for-stm32.14.3.rel1.linux64_1.0.100.202602081740/tools/bin/../lib/gcc/arm-none-eabi/14.3.1/../../../../arm-none-eabi/lib/thumb/v7e-m+fp/hard/libc_nano.a(libc_a-mallocr.o) (__malloc_lock)
/opt/st/stm32cubeide_2.1.0/plugins/com.st.stm32cube.ide.mcu.externaltools.gnu-tools-for-stm32.14.3.rel1.linux64_1.0.100.202602081740/tools/bin/../lib/gcc/arm-none-eabi/14.3.1/../../../../arm-none-eabi/lib/thumb/v7e-m+fp/hard/libc_nano.a(libc_a-findfp.o)
                              /opt/st/stm32cubeide_2.1.0/plugins/com.st.stm32cube.ide.mcu.externaltools.gnu-tools-for-stm32.14.3.rel1.linux64_1.0.100.202602081740/tools/bin/../lib/gcc/arm-none-eabi/14.3.1/../../../../arm-none-eabi/lib/thumb/v7e-m+fp/hard/libc_nano.a(libc_a-exit.o) (__stdio_exit_handler)
/opt/st/stm32cubeide_2.1.0/plugins/com.st.stm32cube.ide.mcu.externaltools.gnu-tools-for-stm32.14.3.rel1.linux64_1.0.100.202602081740/tools/bin/../lib/gcc/arm-none-eabi/14.3.1/../../../../arm-none-eabi/lib/thumb/v7e-m+fp/hard/libc_nano.a(libc_a-fprintf.o)
                              /opt/st/stm32cubeide_2.1.0/plugins/com.st.stm32cube.ide.mcu.externaltools.gnu-tools-for-stm32.14.3.rel1.linux64_1.0.100.202602081740/tools/bin/../lib/gcc/arm-none-eabi/14.3.1/../../../../arm-none-eabi/lib/thumb/v7e-m+fp/hard/libc_nano.a(libc_a-assert.o) (fiprintf)
/opt/st/stm32cubeide_2.1.0/plugins/com.st.stm32cube.ide.mcu.externaltools.gnu-tools-for-stm32.14.3.rel1.linux64_1.0.100.202602081740/tools/bin/../lib/gcc/arm-none-eabi/14.3.1/../../../../arm-none-eabi/lib/thumb/v7e-m+fp/hard/libc_nano.a(libc_a-fwalk.o)
                              /opt/st/stm32cubeide_2.1.0/plugins/com.st.stm32cube.ide.mcu.externaltools.gnu-tools-for-stm32.14.3.rel1.linux64_1.0.100.202602081740/tools/bin/../lib/gcc/arm-none-eabi/14.3.1/../../../../arm-none-eabi/lib/thumb/v7e-m+fp/hard/libc_nano.a(libc_a-findfp.o) (_fwalk_sglue)
/opt/st/stm32cubeide_2.1.0/plugins/com.st.stm32cube.ide.mcu.externaltools.gnu-tools-for-stm32.14.3.rel1.linux64_1.0.100.202602081740/tools/bin/../lib/gcc/arm-none-eabi/14.3.1/../../../../arm-none-eabi/lib/thumb/v7e-m+fp/hard/libc_nano.a(libc_a-stdio.o)
                              /opt/st/stm32cubeide_2.1.0/plugins/com.st.stm32cube.ide.mcu.externaltools.gnu-tools-for-stm32.14.3.rel1.linux64_1.0.100.202602081740/tools/bin/../lib/gcc/arm-none-eabi/14.3.1/../../../../arm-none-eabi/lib/thumb/v7e-m+fp/hard/libc_nano.a(libc_a-findfp.o) (__sread)
/opt/st/stm32cubeide_2.1.0/plugins/com.st.stm32cube.ide.mcu.externaltools.gnu-tools-for-stm32.14.3.rel1.linux64_1.0.100.202602081740/tools/bin/../lib/gcc/arm-none-eabi/14.3.1/../../../../arm-none-eabi/lib/thumb/v7e-m+fp/hard/libc_nano.a(libc_a-memset.o)
[...]
Memory Configuration

Name             Origin             Length             Attributes
RETRAM_interrupts 0x00000000         0x00000600         xrw
SRAM1_text       0x10000000         0x00020000         xrw
SRAM2_data       0x10020000         0x00020000         xrw
SRAM3_ipc_shm    0x10040000         0x00010000         xrw
SRAM4            0x10050000         0x00010000         xrw
*default*        0x00000000         0xffffffff

Linker script and memory map

LOAD /opt/st/stm32cubeide_2.1.0/plugins/com.st.stm32cube.ide.mcu.externaltools.gnu-tools-for-stm32.14.3.rel1.linux64_1.0.100.202602081740/tools/bin/../lib/gcc/arm-none-eabi/14.3.1/thumb/v7e-m+fp/hard/crti.o
LOAD /opt/st/stm32cubeide_2.1.0/plugins/com.st.stm32cube.ide.mcu.externaltools.gnu-tools-for-stm32.14.3.rel1.linux64_1.0.100.202602081740/tools/bin/../lib/gcc/arm-none-eabi/14.3.1/thumb/v7e-m+fp/hard/crtbegin.o
LOAD /opt/st/stm32cubeide_2.1.0/plugins/com.st.stm32cube.ide.mcu.externaltools.gnu-tools-for-stm32.14.3.rel1.linux64_1.0.100.202602081740/tools/bin/../lib/gcc/arm-none-eabi/14.3.1/../../../../arm-none-eabi/lib/thumb/v7e-m+fp/hard/crt0.o
LOAD ./Common/System/system_stm32mp1xx.o
LOAD ./Core/Src/main.o
LOAD ./Core/Src/stm32mp1xx_hal_msp.o
LOAD ./Core/Src/stm32mp1xx_it.o
LOAD ./Core/Src/syscalls.o
LOAD ./Core/Src/sysmem.o
LOAD ./Core/Startup/startup_stm32mp157facx.o
LOAD ./Drivers/STM32MP1xx_HAL_Driver/stm32mp1xx_hal.o
LOAD ./Drivers/STM32MP1xx_HAL_Driver/stm32mp1xx_hal_cortex.o
LOAD ./Drivers/STM32MP1xx_HAL_Driver/stm32mp1xx_hal_dma.o
LOAD ./Drivers/STM32MP1xx_HAL_Driver/stm32mp1xx_hal_dma_ex.o
LOAD ./Drivers/STM32MP1xx_HAL_Driver/stm32mp1xx_hal_exti.o
LOAD ./Drivers/STM32MP1xx_HAL_Driver/stm32mp1xx_hal_gpio.o
LOAD ./Drivers/STM32MP1xx_HAL_Driver/stm32mp1xx_hal_hsem.o
LOAD ./Drivers/STM32MP1xx_HAL_Driver/stm32mp1xx_hal_ipcc.o
LOAD ./Drivers/STM32MP1xx_HAL_Driver/stm32mp1xx_hal_mdma.o
LOAD ./Drivers/STM32MP1xx_HAL_Driver/stm32mp1xx_hal_pwr.o
LOAD ./Drivers/STM32MP1xx_HAL_Driver/stm32mp1xx_hal_pwr_ex.o
LOAD ./Drivers/STM32MP1xx_HAL_Driver/stm32mp1xx_hal_rcc.o
LOAD ./Drivers/STM32MP1xx_HAL_Driver/stm32mp1xx_hal_rcc_ex.o
LOAD ./Middlewares/Third_Party/OpenAMP/condition.o
LOAD ./Middlewares/Third_Party/OpenAMP/device.o
LOAD ./Middlewares/Third_Party/OpenAMP/generic_device.o
LOAD ./Middlewares/Third_Party/OpenAMP/generic_init.o
LOAD ./Middlewares/Third_Party/OpenAMP/generic_io.o
LOAD ./Middlewares/Third_Party/OpenAMP/generic_shmem.o
LOAD ./Middlewares/Third_Party/OpenAMP/init.o
LOAD ./Middlewares/Third_Party/OpenAMP/io.o
LOAD ./Middlewares/Third_Party/OpenAMP/log.o
LOAD ./Middlewares/Third_Party/OpenAMP/remoteproc_virtio.o
LOAD ./Middlewares/Third_Party/OpenAMP/rpmsg.o
LOAD ./Middlewares/Third_Party/OpenAMP/rpmsg_virtio.o
LOAD ./Middlewares/Third_Party/OpenAMP/shmem.o
LOAD ./Middlewares/Third_Party/OpenAMP/sys.o
LOAD ./Middlewares/Third_Party/OpenAMP/time.o
LOAD ./Middlewares/Third_Party/OpenAMP/virt_uart.o
LOAD ./Middlewares/Third_Party/OpenAMP/virtio.o
LOAD ./Middlewares/Third_Party/OpenAMP/virtqueue.o
LOAD ./OPENAMP/mbox_ipcc.o
LOAD ./OPENAMP/openamp.o
LOAD ./OPENAMP/openamp_log.o
LOAD ./OPENAMP/rsc_table.o
START GROUP
LOAD /opt/st/stm32cubeide_2.1.0/plugins/com.st.stm32cube.ide.mcu.externaltools.gnu-tools-for-stm32.14.3.rel1.linux64_1.0.100.202602081740/tools/bin/../lib/gcc/arm-none-eabi/14.3.1/../../../../arm-none-eabi/lib/thumb/v7e-m+fp/hard/libc_nano.a
LOAD /opt/st/stm32cubeide_2.1.0/plugins/com.st.stm32cube.ide.mcu.externaltools.gnu-tools-for-stm32.14.3.rel1.linux64_1.0.100.202602081740/tools/bin/../lib/gcc/arm-none-eabi/14.3.1/../../../../arm-none-eabi/lib/thumb/v7e-m+fp/hard/libm.a
END GROUP
START GROUP
LOAD /opt/st/stm32cubeide_2.1.0/plugins/com.st.stm32cube.ide.mcu.externaltools.gnu-tools-for-stm32.14.3.rel1.linux64_1.0.100.202602081740/tools/bin/../lib/gcc/arm-none-eabi/14.3.1/thumb/v7e-m+fp/hard/libgcc.a
LOAD /opt/st/stm32cubeide_2.1.0/plugins/com.st.stm32cube.ide.mcu.externaltools.gnu-tools-for-stm32.14.3.rel1.linux64_1.0.100.202602081740/tools/bin/../lib/gcc/arm-none-eabi/14.3.1/../../../../arm-none-eabi/lib/thumb/v7e-m+fp/hard/libc_nano.a
END GROUP
START GROUP
LOAD /opt/st/stm32cubeide_2.1.0/plugins/com.st.stm32cube.ide.mcu.externaltools.gnu-tools-for-stm32.14.3.rel1.linux64_1.0.100.202602081740/tools/bin/../lib/gcc/arm-none-eabi/14.3.1/thumb/v7e-m+fp/hard/libgcc.a
LOAD /opt/st/stm32cubeide_2.1.0/plugins/com.st.stm32cube.ide.mcu.externaltools.gnu-tools-for-stm32.14.3.rel1.linux64_1.0.100.202602081740/tools/bin/../lib/gcc/arm-none-eabi/14.3.1/../../../../arm-none-eabi/lib/thumb/v7e-m+fp/hard/libc_nano.a
LOAD /opt/st/stm32cubeide_2.1.0/plugins/com.st.stm32cube.ide.mcu.externaltools.gnu-tools-for-stm32.14.3.rel1.linux64_1.0.100.202602081740/tools/bin/../lib/gcc/arm-none-eabi/14.3.1/../../../../arm-none-eabi/lib/thumb/v7e-m+fp/hard/libnosys.a
END GROUP
START GROUP
LOAD /opt/st/stm32cubeide_2.1.0/plugins/com.st.stm32cube.ide.mcu.externaltools.gnu-tools-for-stm32.14.3.rel1.linux64_1.0.100.202602081740/tools/bin/../lib/gcc/arm-none-eabi/14.3.1/thumb/v7e-m+fp/hard/libgcc.a
LOAD /opt/st/stm32cubeide_2.1.0/plugins/com.st.stm32cube.ide.mcu.externaltools.gnu-tools-for-stm32.14.3.rel1.linux64_1.0.100.202602081740/tools/bin/../lib/gcc/arm-none-eabi/14.3.1/../../../../arm-none-eabi/lib/thumb/v7e-m+fp/hard/libc_nano.a
LOAD /opt/st/stm32cubeide_2.1.0/plugins/com.st.stm32cube.ide.mcu.externaltools.gnu-tools-for-stm32.14.3.rel1.linux64_1.0.100.202602081740/tools/bin/../lib/gcc/arm-none-eabi/14.3.1/../../../../arm-none-eabi/lib/thumb/v7e-m+fp/hard/libnosys.a
END GROUP
LOAD /opt/st/stm32cubeide_2.1.0/plugins/com.st.stm32cube.ide.mcu.externaltools.gnu-tools-for-stm32.14.3.rel1.linux64_1.0.100.202602081740/tools/bin/../lib/gcc/arm-none-eabi/14.3.1/thumb/v7e-m+fp/hard/crtend.o
LOAD /opt/st/stm32cubeide_2.1.0/plugins/com.st.stm32cube.ide.mcu.externaltools.gnu-tools-for-stm32.14.3.rel1.linux64_1.0.100.202602081740/tools/bin/../lib/gcc/arm-none-eabi/14.3.1/thumb/v7e-m+fp/hard/crtn.o
                0x10040000                        _estack = (ORIGIN (SRAM2_data) + LENGTH (SRAM2_data))
                0x00000200                        _Min_Heap_Size = 0x200
                0x00000400                        _Min_Stack_Size = 0x400
                0x10040000                        __OPENAMP_region_start__ = ORIGIN (SRAM3_ipc_shm)
                0x10050000                        __OPENAMP_region_end__ = (ORIGIN (SRAM3_ipc_shm) + LENGTH (SRAM3_ipc_shm))

.isr_vector     0x00000000      0x298
                0x00000000                        . = ALIGN (0x4)
 *(.isr_vector)
 .isr_vector    0x00000000      0x298 ./Core/Startup/startup_stm32mp157facx.o
                0x00000000                g_pfnVectors
                0x00000298                        . = ALIGN (0x4)

.text           0x10000000     0x80c4
                0x10000000                        . = ALIGN (0x4)
 *(.text)
 .text          0x10000000       0x40 /opt/st/stm32cubeide_2.1.0/plugins/com.st.stm32cube.ide.mcu.externaltools.gnu-tools-for-stm32.14.3.rel1.linux64_1.0.100.202602081740/tools/bin/../lib/gcc/arm-none-eabi/14.3.1/thumb/v7e-m+fp/hard/crtbegin.o
 .text          0x10000040       0x14 /opt/st/stm32cubeide_2.1.0/plugins/com.st.stm32cube.ide.mcu.externaltools.gnu-tools-for-stm32.14.3.rel1.linux64_1.0.100.202602081740/tools/bin/../lib/gcc/arm-none-eabi/14.3.1/../../../../arm-none-eabi/lib/thumb/v7e-m+fp/hard/libc_nano.a(libc_a-strcmp.o)
                0x10000040                strcmp
 *fill*         0x10000054        0xc 
 .text          0x10000060       0xa0 /opt/st/stm32cubeide_2.1.0/plugins/com.st.stm32cube.ide.mcu.externaltools.gnu-tools-for-stm32.14.3.rel1.linux64_1.0.100.202602081740/tools/bin/../lib/gcc/arm-none-eabi/14.3.1/../../../../arm-none-eabi/lib/thumb/v7e-m+fp/hard/libc_nano.a(libc_a-memchr.o)
                0x10000060                memchr
 *(.text*)
 .text.SystemInit
                0x10000100       0x4c ./Common/System/system_stm32mp1xx.o
                0x10000100                SystemInit
 .text.main     0x1000014c       0x48 ./Core/Src/main.o
                0x1000014c                main
 .text.SystemClock_Config
                0x10000194      0x2ec ./Core/Src/main.o
                0x10000194                SystemClock_Config
 .text.PeriphCommonClock_Config
                0x10000480       0x5a ./Core/Src/main.o
                0x10000480                PeriphCommonClock_Config
 *fill*         0x100004da        0x2 
 .text.MX_IPCC_Init
                0x100004dc       0x28 ./Core/Src/main.o
 .text.MX_DMA_Init
                0x10000504       0x22 ./Core/Src/main.o
 *fill*         0x10000526        0x2 
 .text.MX_GPIO_Init
                0x10000528       0xd0 ./Core/Src/main.o
 .text.HAL_GPIO_EXTI_Rising_Callback
                0x100005f8      0x114 ./Core/Src/main.o
                0x100005f8                HAL_GPIO_EXTI_Rising_Callback
 .text.Error_Handler
                0x1000070c        0xc ./Core/Src/main.o
                0x1000070c                Error_Handler
 .text.HAL_MspInit
                0x10000718       0x6c ./Core/Src/stm32mp1xx_hal_msp.o
                0x10000718                HAL_MspInit
 .text.HAL_IPCC_MspInit
                0x10000784       0x4c ./Core/Src/stm32mp1xx_hal_msp.o
                0x10000784                HAL_IPCC_MspInit
 .text.NMI_Handler
                0x100007d0        0x8 ./Core/Src/stm32mp1xx_it.o
                0x100007d0                NMI_Handler
 .text.HardFault_Handler
                0x100007d8        0x8 ./Core/Src/stm32mp1xx_it.o
                0x100007d8                HardFault_Handler
 .text.MemManage_Handler
                0x100007e0        0x8 ./Core/Src/stm32mp1xx_it.o
                0x100007e0                MemManage_Handler
 .text.BusFault_Handler
                0x100007e8        0x8 ./Core/Src/stm32mp1xx_it.o
                0x100007e8                BusFault_Handler
 .text.UsageFault_Handler
                0x100007f0        0x8 ./Core/Src/stm32mp1xx_it.o
                0x100007f0                UsageFault_Handler
 .text.SVC_Handler
                0x100007f8        0xe ./Core/Src/stm32mp1xx_it.o
                0x100007f8                SVC_Handler
 .text.DebugMon_Handler
                0x10000806        0xe ./Core/Src/stm32mp1xx_it.o
                0x10000806                DebugMon_Handler
 .text.PendSV_Handler
                0x10000814        0xe ./Core/Src/stm32mp1xx_it.o
                0x10000814                PendSV_Handler
 .text.SysTick_Handler
                0x10000822        0xc ./Core/Src/stm32mp1xx_it.o
                0x10000822                SysTick_Handler
 .text.EXTI1_IRQHandler
                0x1000082e        0xe ./Core/Src/stm32mp1xx_it.o
                0x1000082e                EXTI1_IRQHandler
 .text.IPCC_RX1_IRQHandler
                0x1000083c       0x14 ./Core/Src/stm32mp1xx_it.o
                0x1000083c                IPCC_RX1_IRQHandler
 .text.IPCC_TX1_IRQHandler
                0x10000850       0x14 ./Core/Src/stm32mp1xx_it.o
                0x10000850                IPCC_TX1_IRQHandler
 .text.RCC_WAKEUP_IRQHandler
                0x10000864        0xc ./Core/Src/stm32mp1xx_it.o
                0x10000864                RCC_WAKEUP_IRQHandler
 .text._getpid  0x10000870       0x10 ./Core/Src/syscalls.o
                0x10000870                _getpid
 .text._kill    0x10000880       0x20 ./Core/Src/syscalls.o
                0x10000880                _kill
 .text._exit    0x100008a0       0x16 ./Core/Src/syscalls.o
                0x100008a0                _exit
 .text._read    0x100008b6       0x3a ./Core/Src/syscalls.o
                0x100008b6                _read
 .text._write   0x100008f0       0x38 ./Core/Src/syscalls.o
                0x100008f0                _write
 .text._close   0x10000928       0x18 ./Core/Src/syscalls.o
                0x10000928                _close
 .text._fstat   0x10000940       0x20 ./Core/Src/syscalls.o
                0x10000940                _fstat
 .text._isatty  0x10000960       0x16 ./Core/Src/syscalls.o
                0x10000960                _isatty
 .text._lseek   0x10000976       0x1a ./Core/Src/syscalls.o
                0x10000976                _lseek
 .text._sbrk    0x10000990       0x6c ./Core/Src/sysmem.o
                0x10000990                _sbrk
 .text.Default_Handler
                0x100009fc        0x2 ./Core/Startup/startup_stm32mp157facx.o
                0x100009fc                EXTI2_IRQHandler
                0x100009fc                TIM8_TRG_COM_IRQHandler
                0x100009fc                TIM8_CC_IRQHandler
                0x100009fc                EXTI5_IRQHandler
                0x100009fc                UART8_IRQHandler
                0x100009fc                SPI4_IRQHandler
                0x100009fc                EXTI13_IRQHandler
                0x100009fc                TIM1_CC_IRQHandler
                0x100009fc                DMA2_Stream5_IRQHandler
                0x100009fc                ETH1_WKUP_IRQHandler
                0x100009fc                TAMP_IRQHandler
                0x100009fc                DMA1_Stream5_IRQHandler
                0x100009fc                TIM6_IRQHandler
                0x100009fc                EXTI12_IRQHandler
                0x100009fc                EXTI3_IRQHandler
                0x100009fc                LPTIM4_IRQHandler
                0x100009fc                EXTI8_IRQHandler
                0x100009fc                LPTIM2_IRQHandler
                0x100009fc                DFSDM1_FLT1_IRQHandler
                0x100009fc                I2C3_ER_IRQHandler
                0x100009fc                DFSDM1_FLT2_IRQHandler
                0x100009fc                I2C5_EV_IRQHandler
                0x100009fc                MDMA_IRQHandler
                0x100009fc                LPTIM3_IRQHandler
                0x100009fc                EXTI0_IRQHandler
                0x100009fc                I2C2_EV_IRQHandler
                0x100009fc                DMA1_Stream2_IRQHandler
                0x100009fc                FPU_IRQHandler
                0x100009fc                USBH_OHCI_IRQHandler
                0x100009fc                FDCAN1_IT1_IRQHandler
                0x100009fc                LTDC_ER_IRQHandler
                0x100009fc                DMA2_Stream2_IRQHandler
                0x100009fc                IPCC_RX0_IRQHandler
                0x100009fc                OTG_IRQHandler
                0x100009fc                SPI1_IRQHandler
                0x100009fc                DCMI_IRQHandler
                0x100009fc                TIM8_UP_IRQHandler
                0x100009fc                DMA2_Stream3_IRQHandler
                0x100009fc                USBH_EHCI_IRQHandler
                0x100009fc                nCTIIRQ2_IRQHandler
                0x100009fc                HASH1_IRQHandler
                0x100009fc                GPU_IRQHandler
                0x100009fc                SAI2_IRQHandler
                0x100009fc                ADC1_IRQHandler
                0x100009fc                RESERVED148_IRQHandler
                0x100009fc                RTC_TIMESTAMP_IRQHandler
                0x100009fc                DFSDM1_FLT3_IRQHandler
                0x100009fc                USART6_IRQHandler
                0x100009fc                EXTI15_IRQHandler
                0x100009fc                TIM17_IRQHandler
                0x100009fc                USART3_IRQHandler
                0x100009fc                EXTI9_IRQHandler
                0x100009fc                LPTIM5_IRQHandler
                0x100009fc                UART5_IRQHandler
                0x100009fc                DMA2_Stream0_IRQHandler
                0x100009fc                TIM4_IRQHandler
                0x100009fc                CRYP2_IRQHandler
                0x100009fc                QUADSPI_IRQHandler
                0x100009fc                I2C1_EV_IRQHandler
                0x100009fc                DMA1_Stream6_IRQHandler
                0x100009fc                RESERVED99_IRQHandler
                0x100009fc                DMAMUX1_OVR_IRQHandler
                0x100009fc                DMA1_Stream1_IRQHandler
                0x100009fc                TIM16_IRQHandler
                0x100009fc                UART4_IRQHandler
                0x100009fc                TIM3_IRQHandler
                0x100009fc                RCC_IRQHandler
                0x100009fc                TIM1_TRG_COM_IRQHandler
                0x100009fc                nCTIIRQ1_IRQHandler
                0x100009fc                Default_Handler
                0x100009fc                CEC_IRQHandler
                0x100009fc                DFSDM1_FLT4_IRQHandler
                0x100009fc                TIM14_IRQHandler
                0x100009fc                I2C5_ER_IRQHandler
                0x100009fc                TIM13_IRQHandler
                0x100009fc                DMA1_Stream7_IRQHandler
                0x100009fc                IPCC_TX0_IRQHandler
                0x100009fc                SPI5_IRQHandler
                0x100009fc                TIM12_IRQHandler
                0x100009fc                TIM7_IRQHandler
                0x100009fc                SDMMC1_IRQHandler
                0x100009fc                TIM5_IRQHandler
                0x100009fc                DMA2_Stream7_IRQHandler
                0x100009fc                TIM15_IRQHandler
                0x100009fc                PVD_AVD_IRQHandler
                0x100009fc                I2C3_EV_IRQHandler
                0x100009fc                SDMMC3_IRQHandler
                0x100009fc                ETH1_IRQHandler
                0x100009fc                LTDC_IRQHandler
                0x100009fc                SAI3_IRQHandler
                0x100009fc                SPDIF_RX_IRQHandler
                0x100009fc                ADC2_IRQHandler
                0x100009fc                SPI2_IRQHandler
                0x100009fc                DFSDM1_FLT5_IRQHandler
                0x100009fc                DMA1_Stream0_IRQHandler
                0x100009fc                EXTI14_IRQHandler
                0x100009fc                EXTI11_IRQHandler
                0x100009fc                CRYP1_IRQHandler
                0x100009fc                RNG2_IRQHandler
                0x100009fc                RNG1_IRQHandler
                0x100009fc                HASH2_IRQHandler
                0x100009fc                EXTI4_IRQHandler
                0x100009fc                ETH1_LPI_IRQHandler
                0x100009fc                FDCAN2_IT1_IRQHandler
                0x100009fc                DSI_IRQHandler
                0x100009fc                TIM1_UP_IRQHandler
                0x100009fc                HSEM_IT2_IRQHandler
                0x100009fc                SPI6_IRQHandler
                0x100009fc                MDIOS_IRQHandler
                0x100009fc                I2C4_EV_IRQHandler
                0x100009fc                FDCAN2_IT0_IRQHandler
                0x100009fc                I2C6_ER_IRQHandler
                0x100009fc                FDCAN1_IT0_IRQHandler
                0x100009fc                TIM2_IRQHandler
                0x100009fc                EXTI7_IRQHandler
                0x100009fc                TIM1_BRK_IRQHandler
                0x100009fc                DAC_IRQHandler
                0x100009fc                SDMMC2_IRQHandler
                0x100009fc                DTS_IRQHandler
                0x100009fc                UART7_IRQHandler
                0x100009fc                USART2_IRQHandler
                0x100009fc                I2C6_EV_IRQHandler
                0x100009fc                DFSDM1_FLT0_IRQHandler
                0x100009fc                SAI4_IRQHandler
                0x100009fc                I2C2_ER_IRQHandler
                0x100009fc                DMA2_Stream1_IRQHandler
                0x100009fc                TIM8_BRK_IRQHandler
                0x100009fc                WWDG1_IRQHandler
                0x100009fc                DMA2_Stream4_IRQHandler
                0x100009fc                USART1_IRQHandler
                0x100009fc                RESERVED143_IRQHandler
                0x100009fc                EXTI10_IRQHandler
                0x100009fc                SPI3_IRQHandler
                0x100009fc                WAKEUP_PIN_IRQHandler
                0x100009fc                DMA1_Stream4_IRQHandler
                0x100009fc                I2C1_ER_IRQHandler
                0x100009fc                FMC_IRQHandler
                0x100009fc                FDCAN_CAL_IRQHandler
                0x100009fc                EXTI6_IRQHandler
                0x100009fc                MPU_SEV_IRQHandler
                0x100009fc                LPTIM1_IRQHandler
                0x100009fc                RTC_WKUP_ALARM_IRQHandler
                0x100009fc                I2C4_ER_IRQHandler
                0x100009fc                DMA2_Stream6_IRQHandler
                0x100009fc                SAI1_IRQHandler
                0x100009fc                DMA1_Stream3_IRQHandler
                0x100009fc                RESERVED4_IRQHandler
 *fill*         0x100009fe        0x2 
 .text.HAL_Init
                0x10000a00       0x34 ./Drivers/STM32MP1xx_HAL_Driver/stm32mp1xx_hal.o
                0x10000a00                HAL_Init
 .text.HAL_InitTick
                0x10000a34       0x6c ./Drivers/STM32MP1xx_HAL_Driver/stm32mp1xx_hal.o
                0x10000a34                HAL_InitTick
 .text.HAL_IncTick
                0x10000aa0       0x28 ./Drivers/STM32MP1xx_HAL_Driver/stm32mp1xx_hal.o
                0x10000aa0                HAL_IncTick
 .text.HAL_GetTick
                0x10000ac8       0x18 ./Drivers/STM32MP1xx_HAL_Driver/stm32mp1xx_hal.o
                0x10000ac8                HAL_GetTick
 .text.__NVIC_SetPriorityGrouping
                0x10000ae0       0x48 ./Drivers/STM32MP1xx_HAL_Driver/stm32mp1xx_hal_cortex.o
 .text.__NVIC_GetPriorityGrouping
                0x10000b28       0x1c ./Drivers/STM32MP1xx_HAL_Driver/stm32mp1xx_hal_cortex.o
 .text.__NVIC_EnableIRQ
                0x10000b44       0x3c ./Drivers/STM32MP1xx_HAL_Driver/stm32mp1xx_hal_cortex.o
 .text.__NVIC_SetPriority
                0x10000b80       0x54 ./Drivers/STM32MP1xx_HAL_Driver/stm32mp1xx_hal_cortex.o
 .text.NVIC_EncodePriority
                0x10000bd4       0x66 ./Drivers/STM32MP1xx_HAL_Driver/stm32mp1xx_hal_cortex.o
 *fill*         0x10000c3a        0x2 
 .text.SysTick_Config
                0x10000c3c       0x44 ./Drivers/STM32MP1xx_HAL_Driver/stm32mp1xx_hal_cortex.o
 .text.HAL_NVIC_SetPriorityGrouping
                0x10000c80       0x16 ./Drivers/STM32MP1xx_HAL_Driver/stm32mp1xx_hal_cortex.o
                0x10000c80                HAL_NVIC_SetPriorityGrouping
 .text.HAL_NVIC_SetPriority
                0x10000c96       0x38 ./Drivers/STM32MP1xx_HAL_Driver/stm32mp1xx_hal_cortex.o
                0x10000c96                HAL_NVIC_SetPriority
 .text.HAL_NVIC_EnableIRQ
                0x10000cce       0x1c ./Drivers/STM32MP1xx_HAL_Driver/stm32mp1xx_hal_cortex.o
                0x10000cce                HAL_NVIC_EnableIRQ
 .text.HAL_SYSTICK_Config
                0x10000cea       0x18 ./Drivers/STM32MP1xx_HAL_Driver/stm32mp1xx_hal_cortex.o
                0x10000cea                HAL_SYSTICK_Config
 *fill*         0x10000d02        0x2 
 .text.HAL_GPIO_Init
                0x10000d04      0x354 ./Drivers/STM32MP1xx_HAL_Driver/stm32mp1xx_hal_gpio.o
                0x10000d04                HAL_GPIO_Init
 .text.HAL_GPIO_WritePin
                0x10001058       0x32 ./Drivers/STM32MP1xx_HAL_Driver/stm32mp1xx_hal_gpio.o
                0x10001058                HAL_GPIO_WritePin
 .text.HAL_GPIO_TogglePin
                0x1000108a       0x32 ./Drivers/STM32MP1xx_HAL_Driver/stm32mp1xx_hal_gpio.o
                0x1000108a                HAL_GPIO_TogglePin
 .text.HAL_GPIO_EXTI_IRQHandler
                0x100010bc       0x24 ./Drivers/STM32MP1xx_HAL_Driver/stm32mp1xx_hal_gpio.o
                0x100010bc                HAL_GPIO_EXTI_IRQHandler
 .text.HAL_IPCC_Init
                0x100010e0       0x64 ./Drivers/STM32MP1xx_HAL_Driver/stm32mp1xx_hal_ipcc.o
                0x100010e0                HAL_IPCC_Init
 .text.HAL_IPCC_ActivateNotification
                0x10001144       0x9c ./Drivers/STM32MP1xx_HAL_Driver/stm32mp1xx_hal_ipcc.o
                0x10001144                HAL_IPCC_ActivateNotification
 .text.HAL_IPCC_GetChannelStatus
                0x100011e0       0x68 ./Drivers/STM32MP1xx_HAL_Driver/stm32mp1xx_hal_ipcc.o
                0x100011e0                HAL_IPCC_GetChannelStatus
 .text.HAL_IPCC_NotifyCPU
                0x10001248       0x8c ./Drivers/STM32MP1xx_HAL_Driver/stm32mp1xx_hal_ipcc.o
                0x10001248                HAL_IPCC_NotifyCPU
 .text.HAL_IPCC_TX_IRQHandler
                0x100012d4       0x9c ./Drivers/STM32MP1xx_HAL_Driver/stm32mp1xx_hal_ipcc.o
                0x100012d4                HAL_IPCC_TX_IRQHandler
 .text.HAL_IPCC_RX_IRQHandler
                0x10001370       0x98 ./Drivers/STM32MP1xx_HAL_Driver/stm32mp1xx_hal_ipcc.o
                0x10001370                HAL_IPCC_RX_IRQHandler
 .text.HAL_IPCC_RxCallback
                0x10001408       0x1a ./Drivers/STM32MP1xx_HAL_Driver/stm32mp1xx_hal_ipcc.o
                0x10001408                HAL_IPCC_RxCallback
 .text.HAL_IPCC_TxCallback
                0x10001422       0x1a ./Drivers/STM32MP1xx_HAL_Driver/stm32mp1xx_hal_ipcc.o
                0x10001422                HAL_IPCC_TxCallback
 .text.IPCC_UnmaskInterrupt
                0x1000143c       0x5c ./Drivers/STM32MP1xx_HAL_Driver/stm32mp1xx_hal_ipcc.o
                0x1000143c                IPCC_UnmaskInterrupt
 .text.IPCC_SetDefaultCallbacks
                0x10001498       0x4c ./Drivers/STM32MP1xx_HAL_Driver/stm32mp1xx_hal_ipcc.o
                0x10001498                IPCC_SetDefaultCallbacks
 .text.IPCC_Reset_Register
                0x100014e4       0x28 ./Drivers/STM32MP1xx_HAL_Driver/stm32mp1xx_hal_ipcc.o
                0x100014e4                IPCC_Reset_Register
 .text.HAL_PWR_EnableBkUpAccess
                0x1000150c       0x20 ./Drivers/STM32MP1xx_HAL_Driver/stm32mp1xx_hal_pwr.o
                0x1000150c                HAL_PWR_EnableBkUpAccess
 .text.HAL_RCC_OscConfig
                0x1000152c      0x664 ./Drivers/STM32MP1xx_HAL_Driver/stm32mp1xx_hal_rcc.o
                0x1000152c                HAL_RCC_OscConfig
 .text.HAL_RCC_HSEConfig
                0x10001b90       0xd6 ./Drivers/STM32MP1xx_HAL_Driver/stm32mp1xx_hal_rcc.o
                0x10001b90                HAL_RCC_HSEConfig
 .text.HAL_RCC_LSEConfig
                0x10001c66       0xfa ./Drivers/STM32MP1xx_HAL_Driver/stm32mp1xx_hal_rcc.o
                0x10001c66                HAL_RCC_LSEConfig
 .text.RCC_PLL1_Config
                0x10001d60      0x308 ./Drivers/STM32MP1xx_HAL_Driver/stm32mp1xx_hal_rcc.o
                0x10001d60                RCC_PLL1_Config
 .text.HAL_RCC_ClockConfig
                0x10002068      0x224 ./Drivers/STM32MP1xx_HAL_Driver/stm32mp1xx_hal_rcc.o
                0x10002068                HAL_RCC_ClockConfig
 .text.RCC_MPUConfig
                0x1000228c       0xec ./Drivers/STM32MP1xx_HAL_Driver/stm32mp1xx_hal_rcc.o
                0x1000228c                RCC_MPUConfig
 .text.RCC_AXISSConfig
                0x10002378      0x12e ./Drivers/STM32MP1xx_HAL_Driver/stm32mp1xx_hal_rcc.o
                0x10002378                RCC_AXISSConfig
 *fill*         0x100024a6        0x2 
 .text.RCC_MCUConfig
                0x100024a8      0x150 ./Drivers/STM32MP1xx_HAL_Driver/stm32mp1xx_hal_rcc.o
                0x100024a8                RCC_MCUConfig
 .text.HAL_RCC_GetPLL3ClockFreq
                0x100025f8      0x1f4 ./Drivers/STM32MP1xx_HAL_Driver/stm32mp1xx_hal_rcc.o
                0x100025f8                HAL_RCC_GetPLL3ClockFreq
 .text.HAL_RCC_GetMCUFreq
                0x100027ec       0x36 ./Drivers/STM32MP1xx_HAL_Driver/stm32mp1xx_hal_rcc.o
                0x100027ec                HAL_RCC_GetMCUFreq
 .text.HAL_RCC_GetSystemCoreClockFreq
                0x10002822        0xe ./Drivers/STM32MP1xx_HAL_Driver/stm32mp1xx_hal_rcc.o
                0x10002822                HAL_RCC_GetSystemCoreClockFreq
 .text.HAL_RCC_GetMCUSSFreq
                0x10002830       0x74 ./Drivers/STM32MP1xx_HAL_Driver/stm32mp1xx_hal_rcc.o
                0x10002830                HAL_RCC_GetMCUSSFreq
 .text.HAL_RCC_WAKEUP_IRQHandler
                0x100028a4       0x2a ./Drivers/STM32MP1xx_HAL_Driver/stm32mp1xx_hal_rcc.o
                0x100028a4                HAL_RCC_WAKEUP_IRQHandler
 .text.HAL_RCC_WAKEUP_Callback
                0x100028ce        0xe ./Drivers/STM32MP1xx_HAL_Driver/stm32mp1xx_hal_rcc.o
                0x100028ce                HAL_RCC_WAKEUP_Callback
 .text.RCCEx_PLL2_Config
                0x100028dc      0x304 ./Drivers/STM32MP1xx_HAL_Driver/stm32mp1xx_hal_rcc_ex.o
                0x100028dc                RCCEx_PLL2_Config
 .text.RCCEx_PLL3_Config
                0x10002be0      0x2d4 ./Drivers/STM32MP1xx_HAL_Driver/stm32mp1xx_hal_rcc_ex.o
                0x10002be0                RCCEx_PLL3_Config
 .text.RCCEx_PLL4_Config
                0x10002eb4      0x2b0 ./Drivers/STM32MP1xx_HAL_Driver/stm32mp1xx_hal_rcc_ex.o
                0x10002eb4                RCCEx_PLL4_Config
 .text.HAL_RCCEx_PeriphCLKConfig
                0x10003164     0x1d28 ./Drivers/STM32MP1xx_HAL_Driver/stm32mp1xx_hal_rcc_ex.o
                0x10003164                HAL_RCCEx_PeriphCLKConfig
 .text.metal_list_init
                0x10004e8c       0x20 ./Middlewares/Third_Party/OpenAMP/device.o
 .text.metal_list_add_before
                0x10004eac       0x34 ./Middlewares/Third_Party/OpenAMP/device.o
 .text.metal_list_add_tail
                0x10004ee0       0x1a ./Middlewares/Third_Party/OpenAMP/device.o
 .text.__metal_cache_flush
                0x10004efa       0x1a ./Middlewares/Third_Party/OpenAMP/device.o
 .text.__metal_cache_invalidate
                0x10004f14       0x1a ./Middlewares/Third_Party/OpenAMP/device.o
 .text.metal_cache_flush
                0x10004f2e       0x1a ./Middlewares/Third_Party/OpenAMP/device.o
 .text.metal_cache_invalidate
                0x10004f48       0x1a ./Middlewares/Third_Party/OpenAMP/device.o
 *fill*         0x10004f62        0x2 
 .text.metal_bus_register
                0x10004f64       0x88 ./Middlewares/Third_Party/OpenAMP/device.o
                0x10004f64                metal_bus_register
 .text.metal_bus_find
                0x10004fec       0x5c ./Middlewares/Third_Party/OpenAMP/device.o
                0x10004fec                metal_bus_find
 .text.metal_device_open
                0x10005048       0x7c ./Middlewares/Third_Party/OpenAMP/device.o
                0x10005048                metal_device_open
 .text.metal_register_generic_device
                0x100050c4       0x4c ./Middlewares/Third_Party/OpenAMP/device.o
                0x100050c4                metal_register_generic_device
 .text.metal_generic_dev_open
                0x10005110       0x60 ./Middlewares/Third_Party/OpenAMP/device.o
                0x10005110                metal_generic_dev_open
 .text.metal_generic_dev_dma_map
                0x10005170       0xa2 ./Middlewares/Third_Party/OpenAMP/device.o
                0x10005170                metal_generic_dev_dma_map
 .text.metal_generic_dev_dma_unmap
                0x10005212       0x56 ./Middlewares/Third_Party/OpenAMP/device.o
                0x10005212                metal_generic_dev_dma_unmap
 .text.metal_generic_dev_sys_open
                0x10005268       0x4e ./Middlewares/Third_Party/OpenAMP/generic_device.o
                0x10005268                metal_generic_dev_sys_open
 *fill*         0x100052b6        0x2 
 .text.metal_sys_init
                0x100052b8       0x1c ./Middlewares/Third_Party/OpenAMP/generic_init.o
                0x100052b8                metal_sys_init
 .text.metal_sys_io_mem_map
                0x100052d4       0x7c ./Middlewares/Third_Party/OpenAMP/generic_io.o
                0x100052d4                metal_sys_io_mem_map
 .text.metal_list_init
                0x10005350       0x20 ./Middlewares/Third_Party/OpenAMP/init.o
 .text.metal_init
                0x10005370       0x64 ./Middlewares/Third_Party/OpenAMP/init.o
                0x10005370                metal_init
 .text.metal_io_virt
                0x100053d4       0x38 ./Middlewares/Third_Party/OpenAMP/io.o
 .text.metal_io_init
                0x1000540c       0x9a ./Middlewares/Third_Party/OpenAMP/io.o
                0x1000540c                metal_io_init
 .text.metal_io_block_read
                0x100054a6       0xea ./Middlewares/Third_Party/OpenAMP/io.o
                0x100054a6                metal_io_block_read
 .text.metal_io_block_write
                0x10005590       0xe8 ./Middlewares/Third_Party/OpenAMP/io.o
                0x10005590                metal_io_block_write
 .text.metal_default_log_handler
                0x10005678       0x1a ./Middlewares/Third_Party/OpenAMP/log.o
                0x10005678                metal_default_log_handler
 .text.metal_io_virt
                0x10005692       0x38 ./Middlewares/Third_Party/OpenAMP/remoteproc_virtio.o
 .text.metal_io_virt_to_offset
                0x100056ca       0x32 ./Middlewares/Third_Party/OpenAMP/remoteproc_virtio.o
 .text.metal_io_read
                0x100056fc      0x104 ./Middlewares/Third_Party/OpenAMP/remoteproc_virtio.o
 .text.metal_allocate_memory
                0x10005800       0x18 ./Middlewares/Third_Party/OpenAMP/remoteproc_virtio.o
 .text.metal_free_memory
                0x10005818       0x16 ./Middlewares/Third_Party/OpenAMP/remoteproc_virtio.o
 .text.virtqueue_allocate
                0x1000582e       0x32 ./Middlewares/Third_Party/OpenAMP/remoteproc_virtio.o
 .text.rproc_virtio_virtqueue_notify
                0x10005860       0x68 ./Middlewares/Third_Party/OpenAMP/remoteproc_virtio.o
 .text.rproc_virtio_get_status
                0x100058c8       0x44 ./Middlewares/Third_Party/OpenAMP/remoteproc_virtio.o
 .text.rproc_virtio_get_dfeatures
                0x1000590c       0x44 ./Middlewares/Third_Party/OpenAMP/remoteproc_virtio.o
 .text.rproc_virtio_get_features
                0x10005950       0x50 ./Middlewares/Third_Party/OpenAMP/remoteproc_virtio.o
 .text.rproc_virtio_read_config
                0x100059a0       0x66 ./Middlewares/Third_Party/OpenAMP/remoteproc_virtio.o
 *fill*         0x10005a06        0x2 
 .text.rproc_virtio_create_vdev
                0x10005a08      0x15c ./Middlewares/Third_Party/OpenAMP/remoteproc_virtio.o
                0x10005a08                rproc_virtio_create_vdev
 .text.rproc_virtio_init_vring
                0x10005b64       0x62 ./Middlewares/Third_Party/OpenAMP/remoteproc_virtio.o
                0x10005b64                rproc_virtio_init_vring
 .text.rproc_virtio_wait_remote_ready
                0x10005bc6       0x32 ./Middlewares/Third_Party/OpenAMP/remoteproc_virtio.o
                0x10005bc6                rproc_virtio_wait_remote_ready
 .text.metal_list_add_before
                0x10005bf8       0x34 ./Middlewares/Third_Party/OpenAMP/rpmsg.o
 .text.metal_list_add_tail
                0x10005c2c       0x1a ./Middlewares/Third_Party/OpenAMP/rpmsg.o
 .text.rpmsg_get_endpoint
                0x10005c46       0xc0 ./Middlewares/Third_Party/OpenAMP/rpmsg.o
                0x10005c46                rpmsg_get_endpoint
 .text.rpmsg_register_endpoint
                0x10005d06       0x26 ./Middlewares/Third_Party/OpenAMP/rpmsg.o
                0x10005d06                rpmsg_register_endpoint
 .text.__metal_sleep_usec
                0x10005d2c       0x16 ./Middlewares/Third_Party/OpenAMP/rpmsg_virtio.o
 .text.metal_sleep_usec
                0x10005d42       0x18 ./Middlewares/Third_Party/OpenAMP/rpmsg_virtio.o
 .text.metal_list_init
                0x10005d5a       0x20 ./Middlewares/Third_Party/OpenAMP/rpmsg_virtio.o
 .text.metal_io_virt_to_offset
                0x10005d7a       0x32 ./Middlewares/Third_Party/OpenAMP/rpmsg_virtio.o
 .text.__metal_mutex_init
                0x10005dac       0x2c ./Middlewares/Third_Party/OpenAMP/rpmsg_virtio.o
 .text.__metal_mutex_acquire
                0x10005dd8       0x5c ./Middlewares/Third_Party/OpenAMP/rpmsg_virtio.o
 .text.__metal_mutex_release
                0x10005e34       0x2c ./Middlewares/Third_Party/OpenAMP/rpmsg_virtio.o
 .text.metal_mutex_init
                0x10005e60       0x16 ./Middlewares/Third_Party/OpenAMP/rpmsg_virtio.o
 .text.metal_mutex_acquire
                0x10005e76       0x16 ./Middlewares/Third_Party/OpenAMP/rpmsg_virtio.o
 .text.metal_mutex_release
                0x10005e8c       0x16 ./Middlewares/Third_Party/OpenAMP/rpmsg_virtio.o
 .text.rpmsg_virtio_get_role
                0x10005ea2       0x1a ./Middlewares/Third_Party/OpenAMP/rpmsg_virtio.o
 .text.rpmsg_virtio_set_status
                0x10005ebc       0x26 ./Middlewares/Third_Party/OpenAMP/rpmsg_virtio.o
 .text.rpmsg_virtio_get_status
                0x10005ee2       0x22 ./Middlewares/Third_Party/OpenAMP/rpmsg_virtio.o
 .text.rpmsg_virtio_get_features
                0x10005f04       0x22 ./Middlewares/Third_Party/OpenAMP/rpmsg_virtio.o
 .text.rpmsg_virtio_create_virtqueues
                0x10005f26       0x2a ./Middlewares/Third_Party/OpenAMP/rpmsg_virtio.o
 .text.rpmsg_initialize_ept
                0x10005f50       0x48 ./Middlewares/Third_Party/OpenAMP/rpmsg_virtio.o
 .text.rpmsg_get_ept_from_addr
                0x10005f98       0x22 ./Middlewares/Third_Party/OpenAMP/rpmsg_virtio.o
 .text.rpmsg_virtio_init_shm_pool
                0x10005fba       0x32 ./Middlewares/Third_Party/OpenAMP/rpmsg_virtio.o
                0x10005fba                rpmsg_virtio_init_shm_pool
 .text.rpmsg_virtio_return_buffer
                0x10005fec       0x32 ./Middlewares/Third_Party/OpenAMP/rpmsg_virtio.o
 .text.rpmsg_virtio_enqueue_buffer
                0x1000601e       0x3a ./Middlewares/Third_Party/OpenAMP/rpmsg_virtio.o
 .text.rpmsg_virtio_get_tx_buffer
                0x10006058       0x3a ./Middlewares/Third_Party/OpenAMP/rpmsg_virtio.o
 .text.rpmsg_virtio_get_rx_buffer
                0x10006092       0x38 ./Middlewares/Third_Party/OpenAMP/rpmsg_virtio.o
 .text.rpmsg_virtio_wait_remote_ready
                0x100060ca       0x3a ./Middlewares/Third_Party/OpenAMP/rpmsg_virtio.o
 .text.rpmsg_virtio_hold_rx_buffer
                0x10006104       0x28 ./Middlewares/Third_Party/OpenAMP/rpmsg_virtio.o
 .text.rpmsg_virtio_release_rx_buffer
                0x1000612c       0x52 ./Middlewares/Third_Party/OpenAMP/rpmsg_virtio.o
 .text.rpmsg_virtio_get_tx_payload_buffer
                0x1000617e       0xa4 ./Middlewares/Third_Party/OpenAMP/rpmsg_virtio.o
 *fill*         0x10006222        0x2 
 .text.rpmsg_virtio_send_offchannel_nocopy
                0x10006224       0xd8 ./Middlewares/Third_Party/OpenAMP/rpmsg_virtio.o
 .text.rpmsg_virtio_send_offchannel_raw
                0x100062fc       0x98 ./Middlewares/Third_Party/OpenAMP/rpmsg_virtio.o
 .text.rpmsg_virtio_tx_callback
                0x10006394       0x14 ./Middlewares/Third_Party/OpenAMP/rpmsg_virtio.o
 .text.rpmsg_virtio_rx_callback
                0x100063a8      0x124 ./Middlewares/Third_Party/OpenAMP/rpmsg_virtio.o
 .text.rpmsg_virtio_ns_callback
                0x100064cc       0xe6 ./Middlewares/Third_Party/OpenAMP/rpmsg_virtio.o
 *fill*         0x100065b2        0x2 
 .text.rpmsg_init_vdev
                0x100065b4      0x190 ./Middlewares/Third_Party/OpenAMP/rpmsg_virtio.o
                0x100065b4                rpmsg_init_vdev
 .text.metal_machine_cache_flush
                0x10006744       0x16 ./Middlewares/Third_Party/OpenAMP/sys.o
                0x10006744                metal_machine_cache_flush
 .text.metal_machine_cache_invalidate
                0x1000675a       0x16 ./Middlewares/Third_Party/OpenAMP/sys.o
                0x1000675a                metal_machine_cache_invalidate
 .text.metal_machine_io_mem_map
                0x10006770       0x1c ./Middlewares/Third_Party/OpenAMP/sys.o
                0x10006770                metal_machine_io_mem_map
 .text.virtio_create_virtqueues
                0x1000678c       0x9c ./Middlewares/Third_Party/OpenAMP/virtio.o
                0x1000678c                virtio_create_virtqueues
 .text.vring_init
                0x10006828       0x52 ./Middlewares/Third_Party/OpenAMP/virtqueue.o
 .text.vring_need_event
                0x1000687a       0x3c ./Middlewares/Third_Party/OpenAMP/virtqueue.o
 .text.metal_io_virt
                0x100068b6       0x38 ./Middlewares/Third_Party/OpenAMP/virtqueue.o
 .text.metal_io_phys
                0x100068ee       0x6e ./Middlewares/Third_Party/OpenAMP/virtqueue.o
 .text.metal_io_phys_to_offset
                0x1000695c       0x76 ./Middlewares/Third_Party/OpenAMP/virtqueue.o
 .text.metal_io_phys_to_virt
                0x100069d2       0x26 ./Middlewares/Third_Party/OpenAMP/virtqueue.o
 .text.virtqueue_phys_to_virt
                0x100069f8       0x22 ./Middlewares/Third_Party/OpenAMP/virtqueue.o
 .text.virtqueue_create
                0x10006a1a       0x62 ./Middlewares/Third_Party/OpenAMP/virtqueue.o
                0x10006a1a                virtqueue_create
 .text.virtqueue_get_buffer_length
                0x10006a7c       0x24 ./Middlewares/Third_Party/OpenAMP/virtqueue.o
                0x10006a7c                virtqueue_get_buffer_length
 .text.virtqueue_get_available_buffer
                0x10006aa0       0x90 ./Middlewares/Third_Party/OpenAMP/virtqueue.o
                0x10006aa0                virtqueue_get_available_buffer
 .text.virtqueue_add_consumed_buffer
                0x10006b30       0x84 ./Middlewares/Third_Party/OpenAMP/virtqueue.o
                0x10006b30                virtqueue_add_consumed_buffer
 .text.virtqueue_disable_cb
                0x10006bb4       0x70 ./Middlewares/Third_Party/OpenAMP/virtqueue.o
                0x10006bb4                virtqueue_disable_cb
 .text.virtqueue_kick
                0x10006c24       0x2c ./Middlewares/Third_Party/OpenAMP/virtqueue.o
                0x10006c24                virtqueue_kick
 .text.vq_ring_init
                0x10006c50       0x2c ./Middlewares/Third_Party/OpenAMP/virtqueue.o
 .text.vq_ring_must_notify
                0x10006c7c       0x94 ./Middlewares/Third_Party/OpenAMP/virtqueue.o
 .text.vq_ring_notify
                0x10006d10       0x20 ./Middlewares/Third_Party/OpenAMP/virtqueue.o
 .text.MAILBOX_Init
                0x10006d30       0x48 ./OPENAMP/mbox_ipcc.o
                0x10006d30                MAILBOX_Init
 .text.MAILBOX_Notify
                0x10006d78       0x64 ./OPENAMP/mbox_ipcc.o
                0x10006d78                MAILBOX_Notify
 .text.IPCC_channel1_callback
                0x10006ddc       0x2c ./OPENAMP/mbox_ipcc.o
                0x10006ddc                IPCC_channel1_callback
 .text.IPCC_channel2_callback
                0x10006e08       0x2c ./OPENAMP/mbox_ipcc.o
                0x10006e08                IPCC_channel2_callback
 .text.metal_device_io_region
                0x10006e34       0x36 ./OPENAMP/openamp.o
 *fill*         0x10006e6a        0x2 
 .text.OPENAMP_shmem_init
                0x10006e6c      0x140 ./OPENAMP/openamp.o
 .text.MX_OPENAMP_Init
                0x10006fac      0x128 ./OPENAMP/openamp.o
                0x10006fac                MX_OPENAMP_Init
 .text.resource_table_init
                0x100070d4       0x28 ./OPENAMP/rsc_table.o
                0x100070d4                resource_table_init
 .text.__assert_func
                0x100070fc       0x3c /opt/st/stm32cubeide_2.1.0/plugins/com.st.stm32cube.ide.mcu.externaltools.gnu-tools-for-stm32.14.3.rel1.linux64_1.0.100.202602081740/tools/bin/../lib/gcc/arm-none-eabi/14.3.1/../../../../arm-none-eabi/lib/thumb/v7e-m+fp/hard/libc_nano.a(libc_a-assert.o)
                0x100070fc                __assert_func
 .text.malloc   0x10007138       0x10 /opt/st/stm32cubeide_2.1.0/plugins/com.st.stm32cube.ide.mcu.externaltools.gnu-tools-for-stm32.14.3.rel1.linux64_1.0.100.202602081740/tools/bin/../lib/gcc/arm-none-eabi/14.3.1/../../../../arm-none-eabi/lib/thumb/v7e-m+fp/hard/libc_nano.a(libc_a-malloc.o)
                0x10007138                malloc
 .text.free     0x10007148       0x10 /opt/st/stm32cubeide_2.1.0/plugins/com.st.stm32cube.ide.mcu.externaltools.gnu-tools-for-stm32.14.3.rel1.linux64_1.0.100.202602081740/tools/bin/../lib/gcc/arm-none-eabi/14.3.1/../../../../arm-none-eabi/lib/thumb/v7e-m+fp/hard/libc_nano.a(libc_a-malloc.o)
                0x10007148                free
 .text.sbrk_aligned
                0x10007158       0x44 /opt/st/stm32cubeide_2.1.0/plugins/com.st.stm32cube.ide.mcu.externaltools.gnu-tools-for-stm32.14.3.rel1.linux64_1.0.100.202602081740/tools/bin/../lib/gcc/arm-none-eabi/14.3.1/../../../../arm-none-eabi/lib/thumb/v7e-m+fp/hard/libc_nano.a(libc_a-mallocr.o)
 .text._malloc_r
                0x1000719c      0x100 /opt/st/stm32cubeide_2.1.0/plugins/com.st.stm32cube.ide.mcu.externaltools.gnu-tools-for-stm32.14.3.rel1.linux64_1.0.100.202602081740/tools/bin/../lib/gcc/arm-none-eabi/14.3.1/../../../../arm-none-eabi/lib/thumb/v7e-m+fp/hard/libc_nano.a(libc_a-mallocr.o)
                0x1000719c                _malloc_r
 .text.__malloc_lock
                0x1000729c        0xc /opt/st/stm32cubeide_2.1.0/plugins/com.st.stm32cube.ide.mcu.externaltools.gnu-tools-for-stm32.14.3.rel1.linux64_1.0.100.202602081740/tools/bin/../lib/gcc/arm-none-eabi/14.3.1/../../../../arm-none-eabi/lib/thumb/v7e-m+fp/hard/libc_nano.a(libc_a-mlock.o)
                0x1000729c                __malloc_lock
 .text.__malloc_unlock
                0x100072a8        0xc /opt/st/stm32cubeide_2.1.0/plugins/com.st.stm32cube.ide.mcu.externaltools.gnu-tools-for-stm32.14.3.rel1.linux64_1.0.100.202602081740/tools/bin/../lib/gcc/arm-none-eabi/14.3.1/../../../../arm-none-eabi/lib/thumb/v7e-m+fp/hard/libc_nano.a(libc_a-mlock.o)
                0x100072a8                __malloc_unlock
 .text.std      0x100072b4       0x6c /opt/st/stm32cubeide_2.1.0/plugins/com.st.stm32cube.ide.mcu.externaltools.gnu-tools-for-stm32.14.3.rel1.linux64_1.0.100.202602081740/tools/bin/../lib/gcc/arm-none-eabi/14.3.1/../../../../arm-none-eabi/lib/thumb/v7e-m+fp/hard/libc_nano.a(libc_a-findfp.o)
 .text.stdio_exit_handler
                0x10007320       0x18 /opt/st/stm32cubeide_2.1.0/plugins/com.st.stm32cube.ide.mcu.externaltools.gnu-tools-for-stm32.14.3.rel1.linux64_1.0.100.202602081740/tools/bin/../lib/gcc/arm-none-eabi/14.3.1/../../../../arm-none-eabi/lib/thumb/v7e-m+fp/hard/libc_nano.a(libc_a-findfp.o)
 .text.cleanup_stdio
                0x10007338       0x40 /opt/st/stm32cubeide_2.1.0/plugins/com.st.stm32cube.ide.mcu.externaltools.gnu-tools-for-stm32.14.3.rel1.linux64_1.0.100.202602081740/tools/bin/../lib/gcc/arm-none-eabi/14.3.1/../../../../arm-none-eabi/lib/thumb/v7e-m+fp/hard/libc_nano.a(libc_a-findfp.o)
 .text.global_stdio_init.part.0
                0x10007378       0x40 /opt/st/stm32cubeide_2.1.0/plugins/com.st.stm32cube.ide.mcu.externaltools.gnu-tools-for-stm32.14.3.rel1.linux64_1.0.100.202602081740/tools/bin/../lib/gcc/arm-none-eabi/14.3.1/../../../../arm-none-eabi/lib/thumb/v7e-m+fp/hard/libc_nano.a(libc_a-findfp.o)
 .text.__sfp_lock_acquire
                0x100073b8        0xc /opt/st/stm32cubeide_2.1.0/plugins/com.st.stm32cube.ide.mcu.externaltools.gnu-tools-for-stm32.14.3.rel1.linux64_1.0.100.202602081740/tools/bin/../lib/gcc/arm-none-eabi/14.3.1/../../../../arm-none-eabi/lib/thumb/v7e-m+fp/hard/libc_nano.a(libc_a-findfp.o)
                0x100073b8                __sfp_lock_acquire
 .text.__sfp_lock_release
                0x100073c4        0xc /opt/st/stm32cubeide_2.1.0/plugins/com.st.stm32cube.ide.mcu.externaltools.gnu-tools-for-stm32.14.3.rel1.linux64_1.0.100.202602081740/tools/bin/../lib/gcc/arm-none-eabi/14.3.1/../../../../arm-none-eabi/lib/thumb/v7e-m+fp/hard/libc_nano.a(libc_a-findfp.o)
                0x100073c4                __sfp_lock_release
 .text.__sinit  0x100073d0       0x30 /opt/st/stm32cubeide_2.1.0/plugins/com.st.stm32cube.ide.mcu.externaltools.gnu-tools-for-stm32.14.3.rel1.linux64_1.0.100.202602081740/tools/bin/../lib/gcc/arm-none-eabi/14.3.1/../../../../arm-none-eabi/lib/thumb/v7e-m+fp/hard/libc_nano.a(libc_a-findfp.o)
                0x100073d0                __sinit
 .text.fprintf  0x10007400       0x24 /opt/st/stm32cubeide_2.1.0/plugins/com.st.stm32cube.ide.mcu.externaltools.gnu-tools-for-stm32.14.3.rel1.linux64_1.0.100.202602081740/tools/bin/../lib/gcc/arm-none-eabi/14.3.1/../../../../arm-none-eabi/lib/thumb/v7e-m+fp/hard/libc_nano.a(libc_a-fprintf.o)
                0x10007400                fprintf
                0x10007400                fiprintf
 .text._fwalk_sglue
                0x10007424       0x3c /opt/st/stm32cubeide_2.1.0/plugins/com.st.stm32cube.ide.mcu.externaltools.gnu-tools-for-stm32.14.3.rel1.linux64_1.0.100.202602081740/tools/bin/../lib/gcc/arm-none-eabi/14.3.1/../../../../arm-none-eabi/lib/thumb/v7e-m+fp/hard/libc_nano.a(libc_a-fwalk.o)
                0x10007424                _fwalk_sglue
 .text.__sread  0x10007460       0x22 /opt/st/stm32cubeide_2.1.0/plugins/com.st.stm32cube.ide.mcu.externaltools.gnu-tools-for-stm32.14.3.rel1.linux64_1.0.100.202602081740/tools/bin/../lib/gcc/arm-none-eabi/14.3.1/../../../../arm-none-eabi/lib/thumb/v7e-m+fp/hard/libc_nano.a(libc_a-stdio.o)
                0x10007460                __sread
 .text.__swrite
                0x10007482       0x38 /opt/st/stm32cubeide_2.1.0/plugins/com.st.stm32cube.ide.mcu.externaltools.gnu-tools-for-stm32.14.3.rel1.linux64_1.0.100.202602081740/tools/bin/../lib/gcc/arm-none-eabi/14.3.1/../../../../arm-none-eabi/lib/thumb/v7e-m+fp/hard/libc_nano.a(libc_a-stdio.o)
                0x10007482                __swrite
 .text.__sseek  0x100074ba       0x26 /opt/st/stm32cubeide_2.1.0/plugins/com.st.stm32cube.ide.mcu.externaltools.gnu-tools-for-stm32.14.3.rel1.linux64_1.0.100.202602081740/tools/bin/../lib/gcc/arm-none-eabi/14.3.1/../../../../arm-none-eabi/lib/thumb/v7e-m+fp/hard/libc_nano.a(libc_a-stdio.o)
                0x100074ba                __sseek
 .text.__sclose
                0x100074e0        0x8 /opt/st/stm32cubeide_2.1.0/plugins/com.st.stm32cube.ide.mcu.externaltools.gnu-tools-for-stm32.14.3.rel1.linux64_1.0.100.202602081740/tools/bin/../lib/gcc/arm-none-eabi/14.3.1/../../../../arm-none-eabi/lib/thumb/v7e-m+fp/hard/libc_nano.a(libc_a-stdio.o)
                0x100074e0                __sclose
 .text.memset   0x100074e8       0x10 /opt/st/stm32cubeide_2.1.0/plugins/com.st.stm32cube.ide.mcu.externaltools.gnu-tools-for-stm32.14.3.rel1.linux64_1.0.100.202602081740/tools/bin/../lib/gcc/arm-none-eabi/14.3.1/../../../../arm-none-eabi/lib/thumb/v7e-m+fp/hard/libc_nano.a(libc_a-memset.o)
                0x100074e8                memset
 .text.strncmp  0x100074f8       0x24 /opt/st/stm32cubeide_2.1.0/plugins/com.st.stm32cube.ide.mcu.externaltools.gnu-tools-for-stm32.14.3.rel1.linux64_1.0.100.202602081740/tools/bin/../lib/gcc/arm-none-eabi/14.3.1/../../../../arm-none-eabi/lib/thumb/v7e-m+fp/hard/libc_nano.a(libc_a-strncmp.o)
                0x100074f8                strncmp
 .text.strncpy  0x1000751c       0x26 /opt/st/stm32cubeide_2.1.0/plugins/com.st.stm32cube.ide.mcu.externaltools.gnu-tools-for-stm32.14.3.rel1.linux64_1.0.100.202602081740/tools/bin/../lib/gcc/arm-none-eabi/14.3.1/../../../../arm-none-eabi/lib/thumb/v7e-m+fp/hard/libc_nano.a(libc_a-strncpy.o)
                0x1000751c                strncpy
 *fill*         0x10007542        0x2 
 .text._close_r
                0x10007544       0x20 /opt/st/stm32cubeide_2.1.0/plugins/com.st.stm32cube.ide.mcu.externaltools.gnu-tools-for-stm32.14.3.rel1.linux64_1.0.100.202602081740/tools/bin/../lib/gcc/arm-none-eabi/14.3.1/../../../../arm-none-eabi/lib/thumb/v7e-m+fp/hard/libc_nano.a(libc_a-closer.o)
                0x10007544                _close_r
 .text._lseek_r
                0x10007564       0x24 /opt/st/stm32cubeide_2.1.0/plugins/com.st.stm32cube.ide.mcu.externaltools.gnu-tools-for-stm32.14.3.rel1.linux64_1.0.100.202602081740/tools/bin/../lib/gcc/arm-none-eabi/14.3.1/../../../../arm-none-eabi/lib/thumb/v7e-m+fp/hard/libc_nano.a(libc_a-lseekr.o)
                0x10007564                _lseek_r
 .text._read_r  0x10007588       0x24 /opt/st/stm32cubeide_2.1.0/plugins/com.st.stm32cube.ide.mcu.externaltools.gnu-tools-for-stm32.14.3.rel1.linux64_1.0.100.202602081740/tools/bin/../lib/gcc/arm-none-eabi/14.3.1/../../../../arm-none-eabi/lib/thumb/v7e-m+fp/hard/libc_nano.a(libc_a-readr.o)
                0x10007588                _read_r
 .text._sbrk_r  0x100075ac       0x20 /opt/st/stm32cubeide_2.1.0/plugins/com.st.stm32cube.ide.mcu.externaltools.gnu-tools-for-stm32.14.3.rel1.linux64_1.0.100.202602081740/tools/bin/../lib/gcc/arm-none-eabi/14.3.1/../../../../arm-none-eabi/lib/thumb/v7e-m+fp/hard/libc_nano.a(libc_a-sbrkr.o)
                0x100075ac                _sbrk_r
 .text._write_r
                0x100075cc       0x24 /opt/st/stm32cubeide_2.1.0/plugins/com.st.stm32cube.ide.mcu.externaltools.gnu-tools-for-stm32.14.3.rel1.linux64_1.0.100.202602081740/tools/bin/../lib/gcc/arm-none-eabi/14.3.1/../../../../arm-none-eabi/lib/thumb/v7e-m+fp/hard/libc_nano.a(libc_a-writer.o)
                0x100075cc                _write_r
 .text.__errno  0x100075f0        0xc /opt/st/stm32cubeide_2.1.0/plugins/com.st.stm32cube.ide.mcu.externaltools.gnu-tools-for-stm32.14.3.rel1.linux64_1.0.100.202602081740/tools/bin/../lib/gcc/arm-none-eabi/14.3.1/../../../../arm-none-eabi/lib/thumb/v7e-m+fp/hard/libc_nano.a(libc_a-errno.o)
                0x100075f0                __errno
 .text.__libc_init_array
                0x100075fc       0x48 /opt/st/stm32cubeide_2.1.0/plugins/com.st.stm32cube.ide.mcu.externaltools.gnu-tools-for-stm32.14.3.rel1.linux64_1.0.100.202602081740/tools/bin/../lib/gcc/arm-none-eabi/14.3.1/../../../../arm-none-eabi/lib/thumb/v7e-m+fp/hard/libc_nano.a(libc_a-init.o)
                0x100075fc                __libc_init_array
 .text.__retarget_lock_init_recursive
                0x10007644        0x2 /opt/st/stm32cubeide_2.1.0/plugins/com.st.stm32cube.ide.mcu.externaltools.gnu-tools-for-stm32.14.3.rel1.linux64_1.0.100.202602081740/tools/bin/../lib/gcc/arm-none-eabi/14.3.1/../../../../arm-none-eabi/lib/thumb/v7e-m+fp/hard/libc_nano.a(libc_a-lock.o)
                0x10007644                __retarget_lock_init_recursive
 .text.__retarget_lock_acquire_recursive
                0x10007646        0x2 /opt/st/stm32cubeide_2.1.0/plugins/com.st.stm32cube.ide.mcu.externaltools.gnu-tools-for-stm32.14.3.rel1.linux64_1.0.100.202602081740/tools/bin/../lib/gcc/arm-none-eabi/14.3.1/../../../../arm-none-eabi/lib/thumb/v7e-m+fp/hard/libc_nano.a(libc_a-lock.o)
                0x10007646                __retarget_lock_acquire_recursive
 .text.__retarget_lock_release_recursive
                0x10007648        0x2 /opt/st/stm32cubeide_2.1.0/plugins/com.st.stm32cube.ide.mcu.externaltools.gnu-tools-for-stm32.14.3.rel1.linux64_1.0.100.202602081740/tools/bin/../lib/gcc/arm-none-eabi/14.3.1/../../../../arm-none-eabi/lib/thumb/v7e-m+fp/hard/libc_nano.a(libc_a-lock.o)
                0x10007648                __retarget_lock_release_recursive
 .text.memcpy   0x1000764a       0x1c /opt/st/stm32cubeide_2.1.0/plugins/com.st.stm32cube.ide.mcu.externaltools.gnu-tools-for-stm32.14.3.rel1.linux64_1.0.100.202602081740/tools/bin/../lib/gcc/arm-none-eabi/14.3.1/../../../../arm-none-eabi/lib/thumb/v7e-m+fp/hard/libc_nano.a(libc_a-memcpy-stub.o)
                0x1000764a                memcpy
 .text.abort    0x10007666        0xe /opt/st/stm32cubeide_2.1.0/plugins/com.st.stm32cube.ide.mcu.externaltools.gnu-tools-for-stm32.14.3.rel1.linux64_1.0.100.202602081740/tools/bin/../lib/gcc/arm-none-eabi/14.3.1/../../../../arm-none-eabi/lib/thumb/v7e-m+fp/hard/libc_nano.a(libc_a-abort.o)
                0x10007666                abort
 .text._free_r  0x10007674       0x94 /opt/st/stm32cubeide_2.1.0/plugins/com.st.stm32cube.ide.mcu.externaltools.gnu-tools-for-stm32.14.3.rel1.linux64_1.0.100.202602081740/tools/bin/../lib/gcc/arm-none-eabi/14.3.1/../../../../arm-none-eabi/lib/thumb/v7e-m+fp/hard/libc_nano.a(libc_a-freer.o)
                0x10007674                _free_r
 .text.__sfputc_r
                0x10007708       0x2e /opt/st/stm32cubeide_2.1.0/plugins/com.st.stm32cube.ide.mcu.externaltools.gnu-tools-for-stm32.14.3.rel1.linux64_1.0.100.202602081740/tools/bin/../lib/gcc/arm-none-eabi/14.3.1/../../../../arm-none-eabi/lib/thumb/v7e-m+fp/hard/libc_nano.a(libc_a-nano-vfprintf.o)
 .text.__sfputs_r
                0x10007736       0x24 /opt/st/stm32cubeide_2.1.0/plugins/com.st.stm32cube.ide.mcu.externaltools.gnu-tools-for-stm32.14.3.rel1.linux64_1.0.100.202602081740/tools/bin/../lib/gcc/arm-none-eabi/14.3.1/../../../../arm-none-eabi/lib/thumb/v7e-m+fp/hard/libc_nano.a(libc_a-nano-vfprintf.o)
                0x10007736                __sfputs_r
 *fill*         0x1000775a        0x2 
 .text._vfprintf_r
                0x1000775c      0x228 /opt/st/stm32cubeide_2.1.0/plugins/com.st.stm32cube.ide.mcu.externaltools.gnu-tools-for-stm32.14.3.rel1.linux64_1.0.100.202602081740/tools/bin/../lib/gcc/arm-none-eabi/14.3.1/../../../../arm-none-eabi/lib/thumb/v7e-m+fp/hard/libc_nano.a(libc_a-nano-vfprintf.o)
                0x1000775c                _vfiprintf_r
                0x1000775c                _vfprintf_r
 .text._printf_common
                0x10007984       0xda /opt/st/stm32cubeide_2.1.0/plugins/com.st.stm32cube.ide.mcu.externaltools.gnu-tools-for-stm32.14.3.rel1.linux64_1.0.100.202602081740/tools/bin/../lib/gcc/arm-none-eabi/14.3.1/../../../../arm-none-eabi/lib/thumb/v7e-m+fp/hard/libc_nano.a(libc_a-nano-vfprintf_i.o)
                0x10007984                _printf_common
 *fill*         0x10007a5e        0x2 
 .text._printf_i
                0x10007a60      0x24c /opt/st/stm32cubeide_2.1.0/plugins/com.st.stm32cube.ide.mcu.externaltools.gnu-tools-for-stm32.14.3.rel1.linux64_1.0.100.202602081740/tools/bin/../lib/gcc/arm-none-eabi/14.3.1/../../../../arm-none-eabi/lib/thumb/v7e-m+fp/hard/libc_nano.a(libc_a-nano-vfprintf_i.o)
                0x10007a60                _printf_i
 .text.__sflush_r
                0x10007cac      0x104 /opt/st/stm32cubeide_2.1.0/plugins/com.st.stm32cube.ide.mcu.externaltools.gnu-tools-for-stm32.14.3.rel1.linux64_1.0.100.202602081740/tools/bin/../lib/gcc/arm-none-eabi/14.3.1/../../../../arm-none-eabi/lib/thumb/v7e-m+fp/hard/libc_nano.a(libc_a-fflush.o)
                0x10007cac                __sflush_r
 .text._fflush_r
                0x10007db0       0x50 /opt/st/stm32cubeide_2.1.0/plugins/com.st.stm32cube.ide.mcu.externaltools.gnu-tools-for-stm32.14.3.rel1.linux64_1.0.100.202602081740/tools/bin/../lib/gcc/arm-none-eabi/14.3.1/../../../../arm-none-eabi/lib/thumb/v7e-m+fp/hard/libc_nano.a(libc_a-fflush.o)
                0x10007db0                _fflush_r
 .text.__swbuf_r
                0x10007e00       0x7c /opt/st/stm32cubeide_2.1.0/plugins/com.st.stm32cube.ide.mcu.externaltools.gnu-tools-for-stm32.14.3.rel1.linux64_1.0.100.202602081740/tools/bin/../lib/gcc/arm-none-eabi/14.3.1/../../../../arm-none-eabi/lib/thumb/v7e-m+fp/hard/libc_nano.a(libc_a-wbuf.o)
                0x10007e00                __swbuf_r
 .text.__swsetup_r
                0x10007e7c       0xa8 /opt/st/stm32cubeide_2.1.0/plugins/com.st.stm32cube.ide.mcu.externaltools.gnu-tools-for-stm32.14.3.rel1.linux64_1.0.100.202602081740/tools/bin/../lib/gcc/arm-none-eabi/14.3.1/../../../../arm-none-eabi/lib/thumb/v7e-m+fp/hard/libc_nano.a(libc_a-wsetup.o)
                0x10007e7c                __swsetup_r
 .text._raise_r
                0x10007f24       0x50 /opt/st/stm32cubeide_2.1.0/plugins/com.st.stm32cube.ide.mcu.externaltools.gnu-tools-for-stm32.14.3.rel1.linux64_1.0.100.202602081740/tools/bin/../lib/gcc/arm-none-eabi/14.3.1/../../../../arm-none-eabi/lib/thumb/v7e-m+fp/hard/libc_nano.a(libc_a-signal.o)
                0x10007f24                _raise_r
 .text.raise    0x10007f74       0x10 /opt/st/stm32cubeide_2.1.0/plugins/com.st.stm32cube.ide.mcu.externaltools.gnu-tools-for-stm32.14.3.rel1.linux64_1.0.100.202602081740/tools/bin/../lib/gcc/arm-none-eabi/14.3.1/../../../../arm-none-eabi/lib/thumb/v7e-m+fp/hard/libc_nano.a(libc_a-signal.o)
                0x10007f74                raise
 .text._kill_r  0x10007f84       0x24 /opt/st/stm32cubeide_2.1.0/plugins/com.st.stm32cube.ide.mcu.externaltools.gnu-tools-for-stm32.14.3.rel1.linux64_1.0.100.202602081740/tools/bin/../lib/gcc/arm-none-eabi/14.3.1/../../../../arm-none-eabi/lib/thumb/v7e-m+fp/hard/libc_nano.a(libc_a-signalr.o)
                0x10007f84                _kill_r
 .text._getpid_r
                0x10007fa8        0x4 /opt/st/stm32cubeide_2.1.0/plugins/com.st.stm32cube.ide.mcu.externaltools.gnu-tools-for-stm32.14.3.rel1.linux64_1.0.100.202602081740/tools/bin/../lib/gcc/arm-none-eabi/14.3.1/../../../../arm-none-eabi/lib/thumb/v7e-m+fp/hard/libc_nano.a(libc_a-signalr.o)
                0x10007fa8                _getpid_r
 .text.__swhatbuf_r
                0x10007fac       0x48 /opt/st/stm32cubeide_2.1.0/plugins/com.st.stm32cube.ide.mcu.externaltools.gnu-tools-for-stm32.14.3.rel1.linux64_1.0.100.202602081740/tools/bin/../lib/gcc/arm-none-eabi/14.3.1/../../../../arm-none-eabi/lib/thumb/v7e-m+fp/hard/libc_nano.a(libc_a-makebuf.o)
                0x10007fac                __swhatbuf_r
 .text.__smakebuf_r
                0x10007ff4       0x72 /opt/st/stm32cubeide_2.1.0/plugins/com.st.stm32cube.ide.mcu.externaltools.gnu-tools-for-stm32.14.3.rel1.linux64_1.0.100.202602081740/tools/bin/../lib/gcc/arm-none-eabi/14.3.1/../../../../arm-none-eabi/lib/thumb/v7e-m+fp/hard/libc_nano.a(libc_a-makebuf.o)
                0x10007ff4                __smakebuf_r
 *fill*         0x10008066        0x2 
 .text._fstat_r
                0x10008068       0x24 /opt/st/stm32cubeide_2.1.0/plugins/com.st.stm32cube.ide.mcu.externaltools.gnu-tools-for-stm32.14.3.rel1.linux64_1.0.100.202602081740/tools/bin/../lib/gcc/arm-none-eabi/14.3.1/../../../../arm-none-eabi/lib/thumb/v7e-m+fp/hard/libc_nano.a(libc_a-fstatr.o)
                0x10008068                _fstat_r
 .text._isatty_r
                0x1000808c       0x20 /opt/st/stm32cubeide_2.1.0/plugins/com.st.stm32cube.ide.mcu.externaltools.gnu-tools-for-stm32.14.3.rel1.linux64_1.0.100.202602081740/tools/bin/../lib/gcc/arm-none-eabi/14.3.1/../../../../arm-none-eabi/lib/thumb/v7e-m+fp/hard/libc_nano.a(libc_a-isattyr.o)
                0x1000808c                _isatty_r
 *(.glue_7)
 .glue_7        0x100080ac        0x0 linker stubs
 *(.glue_7t)
 .glue_7t       0x100080ac        0x0 linker stubs
 *(.eh_frame)
 .eh_frame      0x100080ac        0x0 /opt/st/stm32cubeide_2.1.0/plugins/com.st.stm32cube.ide.mcu.externaltools.gnu-tools-for-stm32.14.3.rel1.linux64_1.0.100.202602081740/tools/bin/../lib/gcc/arm-none-eabi/14.3.1/thumb/v7e-m+fp/hard/crtbegin.o
 *(.init)
 .init          0x100080ac        0x4 /opt/st/stm32cubeide_2.1.0/plugins/com.st.stm32cube.ide.mcu.externaltools.gnu-tools-for-stm32.14.3.rel1.linux64_1.0.100.202602081740/tools/bin/../lib/gcc/arm-none-eabi/14.3.1/thumb/v7e-m+fp/hard/crti.o
                0x100080ac                _init
 .init          0x100080b0        0x8 /opt/st/stm32cubeide_2.1.0/plugins/com.st.stm32cube.ide.mcu.externaltools.gnu-tools-for-stm32.14.3.rel1.linux64_1.0.100.202602081740/tools/bin/../lib/gcc/arm-none-eabi/14.3.1/thumb/v7e-m+fp/hard/crtn.o
 *(.fini)
 .fini          0x100080b8        0x4 /opt/st/stm32cubeide_2.1.0/plugins/com.st.stm32cube.ide.mcu.externaltools.gnu-tools-for-stm32.14.3.rel1.linux64_1.0.100.202602081740/tools/bin/../lib/gcc/arm-none-eabi/14.3.1/thumb/v7e-m+fp/hard/crti.o
                0x100080b8                _fini
 .fini          0x100080bc        0x8 /opt/st/stm32cubeide_2.1.0/plugins/com.st.stm32cube.ide.mcu.externaltools.gnu-tools-for-stm32.14.3.rel1.linux64_1.0.100.202602081740/tools/bin/../lib/gcc/arm-none-eabi/14.3.1/thumb/v7e-m+fp/hard/crtn.o
                0x100080c4                        . = ALIGN (0x4)
                0x100080c4                        _etext = .

.vfp11_veneer   0x100080c4        0x0
 .vfp11_veneer  0x100080c4        0x0 linker stubs

.v4_bx          0x100080c4        0x0
 .v4_bx         0x100080c4        0x0 linker stubs

.iplt           0x100080c4        0x0
 .iplt          0x100080c4        0x0 /opt/st/stm32cubeide_2.1.0/plugins/com.st.stm32cube.ide.mcu.externaltools.gnu-tools-for-stm32.14.3.rel1.linux64_1.0.100.202602081740/tools/bin/../lib/gcc/arm-none-eabi/14.3.1/thumb/v7e-m+fp/hard/crtbegin.o

.startup_copro_fw.Reset_Handler
                0x100080c4       0x50
 .startup_copro_fw.Reset_Handler
                0x100080c4       0x50 ./Core/Startup/startup_stm32mp157facx.o
                0x100080c4                Reset_Handler

.rodata         0x10008114      0x418
                0x10008114                        . = ALIGN (0x4)
 *(.rodata)
 .rodata        0x10008114       0xd8 ./Middlewares/Third_Party/OpenAMP/device.o
 .rodata        0x100081ec      0x109 ./Middlewares/Third_Party/OpenAMP/remoteproc_virtio.o
 *fill*         0x100082f5        0x3 
 .rodata        0x100082f8       0xf3 ./Middlewares/Third_Party/OpenAMP/rpmsg_virtio.o
 *fill*         0x100083eb        0x1 
 .rodata        0x100083ec       0x1c ./OPENAMP/openamp.o
 *(.rodata*)
 .rodata.remoteproc_virtio_dispatch_funcs
                0x10008408       0x24 ./Middlewares/Third_Party/OpenAMP/remoteproc_virtio.o
 .rodata.__func__.1
                0x1000842c       0x1e ./Middlewares/Third_Party/OpenAMP/remoteproc_virtio.o
 *fill*         0x1000844a        0x2 
 .rodata.__func__.0
                0x1000844c        0xe ./Middlewares/Third_Party/OpenAMP/remoteproc_virtio.o
 *fill*         0x1000845a        0x2 
 .rodata.__func__.2
                0x1000845c       0x24 ./Middlewares/Third_Party/OpenAMP/rpmsg_virtio.o
 .rodata.__func__.1
                0x10008480       0x21 ./Middlewares/Third_Party/OpenAMP/rpmsg_virtio.o
 *fill*         0x100084a1        0x3 
 .rodata.__func__.0
                0x100084a4       0x19 ./Middlewares/Third_Party/OpenAMP/rpmsg_virtio.o
 .rodata.__assert_func.str1.1
                0x100084bd       0x6f /opt/st/stm32cubeide_2.1.0/plugins/com.st.stm32cube.ide.mcu.externaltools.gnu-tools-for-stm32.14.3.rel1.linux64_1.0.100.202602081740/tools/bin/../lib/gcc/arm-none-eabi/14.3.1/../../../../arm-none-eabi/lib/thumb/v7e-m+fp/hard/libc_nano.a(libc_a-assert.o)
                                 0x3d (size before relaxing)
 .rodata._vfprintf_r.str1.1
                0x1000852c       0x11 /opt/st/stm32cubeide_2.1.0/plugins/com.st.stm32cube.ide.mcu.externaltools.gnu-tools-for-stm32.14.3.rel1.linux64_1.0.100.202602081740/tools/bin/../lib/gcc/arm-none-eabi/14.3.1/../../../../arm-none-eabi/lib/thumb/v7e-m+fp/hard/libc_nano.a(libc_a-nano-vfprintf.o)
 .rodata._printf_i.str1.1
                0x1000852c       0x22 /opt/st/stm32cubeide_2.1.0/plugins/com.st.stm32cube.ide.mcu.externaltools.gnu-tools-for-stm32.14.3.rel1.linux64_1.0.100.202602081740/tools/bin/../lib/gcc/arm-none-eabi/14.3.1/../../../../arm-none-eabi/lib/thumb/v7e-m+fp/hard/libc_nano.a(libc_a-nano-vfprintf_i.o)
                0x10008550                        . = ALIGN (0x4)

.ARM.extab      0x1000852c        0x0
                0x1000852c                        . = ALIGN (0x4)
 *(.ARM.extab* .gnu.linkonce.armextab.*)
                0x1000852c                        . = ALIGN (0x4)

.ARM            0x1000852c        0x8
                0x1000852c                        . = ALIGN (0x4)
                0x1000852c                        __exidx_start = .
 *(.ARM.exidx*)
 .ARM.exidx     0x1000852c        0x8 /opt/st/stm32cubeide_2.1.0/plugins/com.st.stm32cube.ide.mcu.externaltools.gnu-tools-for-stm32.14.3.rel1.linux64_1.0.100.202602081740/tools/bin/../lib/gcc/arm-none-eabi/14.3.1/../../../../arm-none-eabi/lib/thumb/v7e-m+fp/hard/libc_nano.a(libc_a-strcmp.o)
 .ARM.exidx     0x10008534        0x0 /opt/st/stm32cubeide_2.1.0/plugins/com.st.stm32cube.ide.mcu.externaltools.gnu-tools-for-stm32.14.3.rel1.linux64_1.0.100.202602081740/tools/bin/../lib/gcc/arm-none-eabi/14.3.1/../../../../arm-none-eabi/lib/thumb/v7e-m+fp/hard/libc_nano.a(libc_a-memchr.o)
                                  0x8 (size before relaxing)
                0x10008534                        __exidx_end = .
                0x10008534                        . = ALIGN (0x4)

.preinit_array  0x10008534        0x0
                0x10008534                        . = ALIGN (0x4)
                0x10008534                        PROVIDE (__preinit_array_start = .)
 *(.preinit_array*)
                0x10008534                        PROVIDE (__preinit_array_end = .)
                0x10008534                        . = ALIGN (0x4)

.init_array     0x10008534        0x4
                0x10008534                        . = ALIGN (0x4)
                0x10008534                        PROVIDE (__init_array_start = .)
 *(SORT_BY_NAME(.init_array.*))
 *(.init_array*)
 .init_array    0x10008534        0x4 /opt/st/stm32cubeide_2.1.0/plugins/com.st.stm32cube.ide.mcu.externaltools.gnu-tools-for-stm32.14.3.rel1.linux64_1.0.100.202602081740/tools/bin/../lib/gcc/arm-none-eabi/14.3.1/thumb/v7e-m+fp/hard/crtbegin.o
                0x10008538                        PROVIDE (__init_array_end = .)
                0x10008538                        . = ALIGN (0x4)

.fini_array     0x10008538        0x4
                0x10008538                        . = ALIGN (0x4)
                [!provide]                        PROVIDE (__fini_array_start = .)
 *(SORT_BY_NAME(.fini_array.*))
 *(.fini_array*)
 .fini_array    0x10008538        0x4 /opt/st/stm32cubeide_2.1.0/plugins/com.st.stm32cube.ide.mcu.externaltools.gnu-tools-for-stm32.14.3.rel1.linux64_1.0.100.202602081740/tools/bin/../lib/gcc/arm-none-eabi/14.3.1/thumb/v7e-m+fp/hard/crtbegin.o
                [!provide]                        PROVIDE (__fini_array_end = .)
                0x1000853c                        . = ALIGN (0x4)
                0x1000853c                        __DATA_ROM = .
                0x1000853c                        _sidata = LOADADDR (.data)

.data           0x10020000      0x124 load address 0x1000853c
                0x10020000                        . = ALIGN (0x4)
                0x10020000                        _sdata = .
 *(.data)
 *(.data*)
 .data.SystemCoreClock
                0x10020000        0x4 ./Common/System/system_stm32mp1xx.o
                0x10020000                SystemCoreClock
 .data.selector
                0x10020004        0x1 ./Core/Src/main.o
                0x10020004                selector
 *fill*         0x10020005        0x3 
 .data.uwTickPrio
                0x10020008        0x4 ./Drivers/STM32MP1xx_HAL_Driver/stm32mp1xx_hal.o
                0x10020008                uwTickPrio
 .data.uwTickFreq
                0x1002000c        0x1 ./Drivers/STM32MP1xx_HAL_Driver/stm32mp1xx_hal.o
                0x1002000c                uwTickFreq
 *fill*         0x1002000d        0x3 
 .data.metal_generic_bus
                0x10020010       0x2c ./Middlewares/Third_Party/OpenAMP/device.o
                0x10020010                metal_generic_bus
 .data.shm_device
                0x1002003c       0x8c ./OPENAMP/openamp.o
                0x1002003c                shm_device
 .data.__sglue  0x100200c8        0xc /opt/st/stm32cubeide_2.1.0/plugins/com.st.stm32cube.ide.mcu.externaltools.gnu-tools-for-stm32.14.3.rel1.linux64_1.0.100.202602081740/tools/bin/../lib/gcc/arm-none-eabi/14.3.1/../../../../arm-none-eabi/lib/thumb/v7e-m+fp/hard/libc_nano.a(libc_a-findfp.o)
                0x100200c8                __sglue
 .data._impure_ptr
                0x100200d4        0x4 /opt/st/stm32cubeide_2.1.0/plugins/com.st.stm32cube.ide.mcu.externaltools.gnu-tools-for-stm32.14.3.rel1.linux64_1.0.100.202602081740/tools/bin/../lib/gcc/arm-none-eabi/14.3.1/../../../../arm-none-eabi/lib/thumb/v7e-m+fp/hard/libc_nano.a(libc_a-impure.o)
                0x100200d4                _impure_ptr
 .data._impure_data
                0x100200d8       0x4c /opt/st/stm32cubeide_2.1.0/plugins/com.st.stm32cube.ide.mcu.externaltools.gnu-tools-for-stm32.14.3.rel1.linux64_1.0.100.202602081740/tools/bin/../lib/gcc/arm-none-eabi/14.3.1/../../../../arm-none-eabi/lib/thumb/v7e-m+fp/hard/libc_nano.a(libc_a-impure.o)
                0x100200d8                _impure_data
                0x10020124                        . = ALIGN (0x4)
                0x10020124                        _edata = .
                0x10008660                        __DATA_END = (__DATA_ROM + (_edata - _sdata))
                0x10020000                        text_end = (ORIGIN (SRAM1_text) + LENGTH (SRAM1_text))
                0x00000001                        ASSERT ((__DATA_END <= text_end), region SRAM1_text overflowed with text and data)

.igot.plt       0x10020124        0x0 load address 0x10008660
 .igot.plt      0x10020124        0x0 /opt/st/stm32cubeide_2.1.0/plugins/com.st.stm32cube.ide.mcu.externaltools.gnu-tools-for-stm32.14.3.rel1.linux64_1.0.100.202602081740/tools/bin/../lib/gcc/arm-none-eabi/14.3.1/thumb/v7e-m+fp/hard/crtbegin.o

.resource_table
                0x10020124       0x8c load address 0x10008660
                0x10020124                        . = ALIGN (0x4)
 *(.resource_table*)
 .resource_table
                0x10020124       0x8c ./OPENAMP/rsc_table.o
                0x10020124                resource_table
                0x100201b0                        . = ALIGN (0x4)

.rel.dyn        0x100201b0        0x0 load address 0x100086ec
 .rel.iplt      0x100201b0        0x0 /opt/st/stm32cubeide_2.1.0/plugins/com.st.stm32cube.ide.mcu.externaltools.gnu-tools-for-stm32.14.3.rel1.linux64_1.0.100.202602081740/tools/bin/../lib/gcc/arm-none-eabi/14.3.1/thumb/v7e-m+fp/hard/crtbegin.o
                0x100201b0                        . = ALIGN (0x4)

.bss            0x100201b0      0x280 load address 0x100086ec
                0x100201b0                        _sbss = .
                0x100201b0                        __bss_start__ = _sbss
 *(.bss)
 .bss           0x100201b0       0x1c /opt/st/stm32cubeide_2.1.0/plugins/com.st.stm32cube.ide.mcu.externaltools.gnu-tools-for-stm32.14.3.rel1.linux64_1.0.100.202602081740/tools/bin/../lib/gcc/arm-none-eabi/14.3.1/thumb/v7e-m+fp/hard/crtbegin.o
 *(.bss*)
 .bss.hipcc     0x100201cc       0x3c ./Core/Src/main.o
                0x100201cc                hipcc
 .bss.last_interrupt_time
                0x10020208        0x4 ./Core/Src/main.o
                0x10020208                last_interrupt_time
 .bss.__sbrk_heap_end
                0x1002020c        0x4 ./Core/Src/sysmem.o
 .bss.uwTick    0x10020210        0x4 ./Drivers/STM32MP1xx_HAL_Driver/stm32mp1xx_hal.o
                0x10020210                uwTick
 .bss._metal    0x10020214       0x20 ./Middlewares/Third_Party/OpenAMP/generic_init.o
                0x10020214                _metal
 .bss.msg_received_ch1
                0x10020234        0x4 ./OPENAMP/mbox_ipcc.o
                0x10020234                msg_received_ch1
 .bss.msg_received_ch2
                0x10020238        0x4 ./OPENAMP/mbox_ipcc.o
                0x10020238                msg_received_ch2
 .bss.shm_io    0x1002023c        0x4 ./OPENAMP/openamp.o
 .bss.rsc_io    0x10020240        0x4 ./OPENAMP/openamp.o
 .bss.rsc_table
                0x10020244        0x4 ./OPENAMP/openamp.o
 .bss.shpool    0x10020248        0xc ./OPENAMP/openamp.o
 .bss.rvdev     0x10020254       0x8c ./OPENAMP/openamp.o
 .bss.shm_physmap
                0x100202e0        0x4 ./OPENAMP/openamp.o
 .bss.__malloc_sbrk_start
                0x100202e4        0x4 /opt/st/stm32cubeide_2.1.0/plugins/com.st.stm32cube.ide.mcu.externaltools.gnu-tools-for-stm32.14.3.rel1.linux64_1.0.100.202602081740/tools/bin/../lib/gcc/arm-none-eabi/14.3.1/../../../../arm-none-eabi/lib/thumb/v7e-m+fp/hard/libc_nano.a(libc_a-mallocr.o)
                0x100202e4                __malloc_sbrk_start
 .bss.__malloc_free_list
                0x100202e8        0x4 /opt/st/stm32cubeide_2.1.0/plugins/com.st.stm32cube.ide.mcu.externaltools.gnu-tools-for-stm32.14.3.rel1.linux64_1.0.100.202602081740/tools/bin/../lib/gcc/arm-none-eabi/14.3.1/../../../../arm-none-eabi/lib/thumb/v7e-m+fp/hard/libc_nano.a(libc_a-mallocr.o)
                0x100202e8                __malloc_free_list
 .bss.__sf      0x100202ec      0x138 /opt/st/stm32cubeide_2.1.0/plugins/com.st.stm32cube.ide.mcu.externaltools.gnu-tools-for-stm32.14.3.rel1.linux64_1.0.100.202602081740/tools/bin/../lib/gcc/arm-none-eabi/14.3.1/../../../../arm-none-eabi/lib/thumb/v7e-m+fp/hard/libc_nano.a(libc_a-findfp.o)
                0x100202ec                __sf
 .bss.__stdio_exit_handler
                0x10020424        0x4 /opt/st/stm32cubeide_2.1.0/plugins/com.st.stm32cube.ide.mcu.externaltools.gnu-tools-for-stm32.14.3.rel1.linux64_1.0.100.202602081740/tools/bin/../lib/gcc/arm-none-eabi/14.3.1/../../../../arm-none-eabi/lib/thumb/v7e-m+fp/hard/libc_nano.a(libc_a-findfp.o)
                0x10020424                __stdio_exit_handler
 .bss.errno     0x10020428        0x4 /opt/st/stm32cubeide_2.1.0/plugins/com.st.stm32cube.ide.mcu.externaltools.gnu-tools-for-stm32.14.3.rel1.linux64_1.0.100.202602081740/tools/bin/../lib/gcc/arm-none-eabi/14.3.1/../../../../arm-none-eabi/lib/thumb/v7e-m+fp/hard/libc_nano.a(libc_a-reent.o)
                0x10020428                errno
 .bss.__lock___malloc_recursive_mutex
                0x1002042c        0x1 /opt/st/stm32cubeide_2.1.0/plugins/com.st.stm32cube.ide.mcu.externaltools.gnu-tools-for-stm32.14.3.rel1.linux64_1.0.100.202602081740/tools/bin/../lib/gcc/arm-none-eabi/14.3.1/../../../../arm-none-eabi/lib/thumb/v7e-m+fp/hard/libc_nano.a(libc_a-lock.o)
                0x1002042c                __lock___malloc_recursive_mutex
 .bss.__lock___sfp_recursive_mutex
                0x1002042d        0x1 /opt/st/stm32cubeide_2.1.0/plugins/com.st.stm32cube.ide.mcu.externaltools.gnu-tools-for-stm32.14.3.rel1.linux64_1.0.100.202602081740/tools/bin/../lib/gcc/arm-none-eabi/14.3.1/../../../../arm-none-eabi/lib/thumb/v7e-m+fp/hard/libc_nano.a(libc_a-lock.o)
                0x1002042d                __lock___sfp_recursive_mutex
 *(COMMON)
                0x10020430                        . = ALIGN (0x4)
 *fill*         0x1002042e        0x2 
                0x10020430                        _ebss = .
                0x10020430                        __bss_end__ = _ebss

._user_heap_stack
                0x10020430      0x600 load address 0x1000896c
                0x10020430                        . = ALIGN (0x8)
                [!provide]                        PROVIDE (end = .)
                0x10020430                        PROVIDE (_end = .)
                0x10020630                        . = (. + _Min_Heap_Size)
 *fill*         0x10020430      0x200 
                0x10020a30                        . = (. + _Min_Stack_Size)
 *fill*         0x10020630      0x400 
                0x10020a30                        . = ALIGN (0x8)

/DISCARD/
 libc.a(*)
 libm.a(*)
 libgcc.a(*)

.ARM.attributes
                0x00000000       0x30
 *(.ARM.attributes)
 .ARM.attributes
                0x00000000       0x22 /opt/st/stm32cubeide_2.1.0/plugins/com.st.stm32cube.ide.mcu.externaltools.gnu-tools-for-stm32.14.3.rel1.linux64_1.0.100.202602081740/tools/bin/../lib/gcc/arm-none-eabi/14.3.1/thumb/v7e-m+fp/hard/crti.o
 .ARM.attributes
                0x00000022       0x34 /opt/st/stm32cubeide_2.1.0/plugins/com.st.stm32cube.ide.mcu.externaltools.gnu-tools-for-stm32.14.3.rel1.linux64_1.0.100.202602081740/tools/bin/../lib/gcc/arm-none-eabi/14.3.1/thumb/v7e-m+fp/hard/crtbegin.o
 .ARM.attributes
                0x00000056       0x34 ./Common/System/system_stm32mp1xx.o
 .ARM.attributes
                0x0000008a       0x34 ./Core/Src/main.o
 .ARM.attributes
                0x000000be       0x34 ./Core/Src/stm32mp1xx_hal_msp.o
 .ARM.attributes
                0x000000f2       0x34 ./Core/Src/stm32mp1xx_it.o
 .ARM.attributes
                0x00000126       0x34 ./Core/Src/syscalls.o
 .ARM.attributes
                0x0000015a       0x34 ./Core/Src/sysmem.o
 .ARM.attributes
                0x0000018e       0x21 ./Core/Startup/startup_stm32mp157facx.o
 .ARM.attributes
                0x000001af       0x34 ./Drivers/STM32MP1xx_HAL_Driver/stm32mp1xx_hal.o
 .ARM.attributes
                0x000001e3       0x34 ./Drivers/STM32MP1xx_HAL_Driver/stm32mp1xx_hal_cortex.o
 .ARM.attributes
                0x00000217       0x34 ./Drivers/STM32MP1xx_HAL_Driver/stm32mp1xx_hal_gpio.o
 .ARM.attributes
                0x0000024b       0x34 ./Drivers/STM32MP1xx_HAL_Driver/stm32mp1xx_hal_ipcc.o
 .ARM.attributes
                0x0000027f       0x34 ./Drivers/STM32MP1xx_HAL_Driver/stm32mp1xx_hal_pwr.o
 .ARM.attributes
                0x000002b3       0x34 ./Drivers/STM32MP1xx_HAL_Driver/stm32mp1xx_hal_rcc.o
 .ARM.attributes
                0x000002e7       0x34 ./Drivers/STM32MP1xx_HAL_Driver/stm32mp1xx_hal_rcc_ex.o
 .ARM.attributes
                0x0000031b       0x34 ./Middlewares/Third_Party/OpenAMP/device.o
 .ARM.attributes
                0x0000034f       0x34 ./Middlewares/Third_Party/OpenAMP/generic_device.o
 .ARM.attributes
                0x00000383       0x34 ./Middlewares/Third_Party/OpenAMP/generic_init.o
 .ARM.attributes
                0x000003b7       0x34 ./Middlewares/Third_Party/OpenAMP/generic_io.o
 .ARM.attributes
                0x000003eb       0x34 ./Middlewares/Third_Party/OpenAMP/init.o
 .ARM.attributes
                0x0000041f       0x34 ./Middlewares/Third_Party/OpenAMP/io.o
 .ARM.attributes
                0x00000453       0x34 ./Middlewares/Third_Party/OpenAMP/log.o
 .ARM.attributes
                0x00000487       0x34 ./Middlewares/Third_Party/OpenAMP/remoteproc_virtio.o
 .ARM.attributes
                0x000004bb       0x34 ./Middlewares/Third_Party/OpenAMP/rpmsg.o
 .ARM.attributes
                0x000004ef       0x34 ./Middlewares/Third_Party/OpenAMP/rpmsg_virtio.o
 .ARM.attributes
                0x00000523       0x34 ./Middlewares/Third_Party/OpenAMP/sys.o
 .ARM.attributes
                0x00000557       0x34 ./Middlewares/Third_Party/OpenAMP/virtio.o
 .ARM.attributes
                0x0000058b       0x34 ./Middlewares/Third_Party/OpenAMP/virtqueue.o
 .ARM.attributes
                0x000005bf       0x34 ./OPENAMP/mbox_ipcc.o
 .ARM.attributes
                0x000005f3       0x34 ./OPENAMP/openamp.o
 .ARM.attributes
                0x00000627       0x34 ./OPENAMP/rsc_table.o
 .ARM.attributes
                0x0000065b       0x34 /opt/st/stm32cubeide_2.1.0/plugins/com.st.stm32cube.ide.mcu.externaltools.gnu-tools-for-stm32.14.3.rel1.linux64_1.0.100.202602081740/tools/bin/../lib/gcc/arm-none-eabi/14.3.1/../../../../arm-none-eabi/lib/thumb/v7e-m+fp/hard/libc_nano.a(libc_a-assert.o)
 .ARM.attributes
                0x0000068f       0x34 /opt/st/stm32cubeide_2.1.0/plugins/com.st.stm32cube.ide.mcu.externaltools.gnu-tools-for-stm32.14.3.rel1.linux64_1.0.100.202602081740/tools/bin/../lib/gcc/arm-none-eabi/14.3.1/../../../../arm-none-eabi/lib/thumb/v7e-m+fp/hard/libc_nano.a(libc_a-malloc.o)
 .ARM.attributes
                0x000006c3       0x34 /opt/st/stm32cubeide_2.1.0/plugins/com.st.stm32cube.ide.mcu.externaltools.gnu-tools-for-stm32.14.3.rel1.linux64_1.0.100.202602081740/tools/bin/../lib/gcc/arm-none-eabi/14.3.1/../../../../arm-none-eabi/lib/thumb/v7e-m+fp/hard/libc_nano.a(libc_a-mallocr.o)
 .ARM.attributes
                0x000006f7       0x34 /opt/st/stm32cubeide_2.1.0/plugins/com.st.stm32cube.ide.mcu.externaltools.gnu-tools-for-stm32.14.3.rel1.linux64_1.0.100.202602081740/tools/bin/../lib/gcc/arm-none-eabi/14.3.1/../../../../arm-none-eabi/lib/thumb/v7e-m+fp/hard/libc_nano.a(libc_a-mlock.o)
 .ARM.attributes
                0x0000072b       0x34 /opt/st/stm32cubeide_2.1.0/plugins/com.st.stm32cube.ide.mcu.externaltools.gnu-tools-for-stm32.14.3.rel1.linux64_1.0.100.202602081740/tools/bin/../lib/gcc/arm-none-eabi/14.3.1/../../../../arm-none-eabi/lib/thumb/v7e-m+fp/hard/libc_nano.a(libc_a-findfp.o)
 .ARM.attributes
                0x0000075f       0x34 /opt/st/stm32cubeide_2.1.0/plugins/com.st.stm32cube.ide.mcu.externaltools.gnu-tools-for-stm32.14.3.rel1.linux64_1.0.100.202602081740/tools/bin/../lib/gcc/arm-none-eabi/14.3.1/../../../../arm-none-eabi/lib/thumb/v7e-m+fp/hard/libc_nano.a(libc_a-fprintf.o)
 .ARM.attributes
                0x00000793       0x34 /opt/st/stm32cubeide_2.1.0/plugins/com.st.stm32cube.ide.mcu.externaltools.gnu-tools-for-stm32.14.3.rel1.linux64_1.0.100.202602081740/tools/bin/../lib/gcc/arm-none-eabi/14.3.1/../../../../arm-none-eabi/lib/thumb/v7e-m+fp/hard/libc_nano.a(libc_a-fwalk.o)
 .ARM.attributes
                0x000007c7       0x34 /opt/st/stm32cubeide_2.1.0/plugins/com.st.stm32cube.ide.mcu.externaltools.gnu-tools-for-stm32.14.3.rel1.linux64_1.0.100.202602081740/tools/bin/../lib/gcc/arm-none-eabi/14.3.1/../../../../arm-none-eabi/lib/thumb/v7e-m+fp/hard/libc_nano.a(libc_a-stdio.o)
 .ARM.attributes
                0x000007fb       0x34 /opt/st/stm32cubeide_2.1.0/plugins/com.st.stm32cube.ide.mcu.externaltools.gnu-tools-for-stm32.14.3.rel1.linux64_1.0.100.202602081740/tools/bin/../lib/gcc/arm-none-eabi/14.3.1/../../../../arm-none-eabi/lib/thumb/v7e-m+fp/hard/libc_nano.a(libc_a-memset.o)
 .ARM.attributes
                0x0000082f       0x34 /opt/st/stm32cubeide_2.1.0/plugins/com.st.stm32cube.ide.mcu.externaltools.gnu-tools-for-stm32.14.3.rel1.linux64_1.0.100.202602081740/tools/bin/../lib/gcc/arm-none-eabi/14.3.1/../../../../arm-none-eabi/lib/thumb/v7e-m+fp/hard/libc_nano.a(libc_a-strncmp.o)
 .ARM.attributes
                0x00000863       0x34 /opt/st/stm32cubeide_2.1.0/plugins/com.st.stm32cube.ide.mcu.externaltools.gnu-tools-for-stm32.14.3.rel1.linux64_1.0.100.202602081740/tools/bin/../lib/gcc/arm-none-eabi/14.3.1/../../../../arm-none-eabi/lib/thumb/v7e-m+fp/hard/libc_nano.a(libc_a-strncpy.o)
 .ARM.attributes
                0x00000897       0x34 /opt/st/stm32cubeide_2.1.0/plugins/com.st.stm32cube.ide.mcu.externaltools.gnu-tools-for-stm32.14.3.rel1.linux64_1.0.100.202602081740/tools/bin/../lib/gcc/arm-none-eabi/14.3.1/../../../../arm-none-eabi/lib/thumb/v7e-m+fp/hard/libc_nano.a(libc_a-closer.o)
 .ARM.attributes
                0x000008cb       0x34 /opt/st/stm32cubeide_2.1.0/plugins/com.st.stm32cube.ide.mcu.externaltools.gnu-tools-for-stm32.14.3.rel1.linux64_1.0.100.202602081740/tools/bin/../lib/gcc/arm-none-eabi/14.3.1/../../../../arm-none-eabi/lib/thumb/v7e-m+fp/hard/libc_nano.a(libc_a-reent.o)
 .ARM.attributes
                0x000008ff       0x34 /opt/st/stm32cubeide_2.1.0/plugins/com.st.stm32cube.ide.mcu.externaltools.gnu-tools-for-stm32.14.3.rel1.linux64_1.0.100.202602081740/tools/bin/../lib/gcc/arm-none-eabi/14.3.1/../../../../arm-none-eabi/lib/thumb/v7e-m+fp/hard/libc_nano.a(libc_a-impure.o)
 .ARM.attributes
                0x00000933       0x34 /opt/st/stm32cubeide_2.1.0/plugins/com.st.stm32cube.ide.mcu.externaltools.gnu-tools-for-stm32.14.3.rel1.linux64_1.0.100.202602081740/tools/bin/../lib/gcc/arm-none-eabi/14.3.1/../../../../arm-none-eabi/lib/thumb/v7e-m+fp/hard/libc_nano.a(libc_a-lseekr.o)
 .ARM.attributes
                0x00000967       0x34 /opt/st/stm32cubeide_2.1.0/plugins/com.st.stm32cube.ide.mcu.externaltools.gnu-tools-for-stm32.14.3.rel1.linux64_1.0.100.202602081740/tools/bin/../lib/gcc/arm-none-eabi/14.3.1/../../../../arm-none-eabi/lib/thumb/v7e-m+fp/hard/libc_nano.a(libc_a-readr.o)
 .ARM.attributes
                0x0000099b       0x34 /opt/st/stm32cubeide_2.1.0/plugins/com.st.stm32cube.ide.mcu.externaltools.gnu-tools-for-stm32.14.3.rel1.linux64_1.0.100.202602081740/tools/bin/../lib/gcc/arm-none-eabi/14.3.1/../../../../arm-none-eabi/lib/thumb/v7e-m+fp/hard/libc_nano.a(libc_a-sbrkr.o)
 .ARM.attributes
                0x000009cf       0x34 /opt/st/stm32cubeide_2.1.0/plugins/com.st.stm32cube.ide.mcu.externaltools.gnu-tools-for-stm32.14.3.rel1.linux64_1.0.100.202602081740/tools/bin/../lib/gcc/arm-none-eabi/14.3.1/../../../../arm-none-eabi/lib/thumb/v7e-m+fp/hard/libc_nano.a(libc_a-writer.o)
 .ARM.attributes
                0x00000a03       0x34 /opt/st/stm32cubeide_2.1.0/plugins/com.st.stm32cube.ide.mcu.externaltools.gnu-tools-for-stm32.14.3.rel1.linux64_1.0.100.202602081740/tools/bin/../lib/gcc/arm-none-eabi/14.3.1/../../../../arm-none-eabi/lib/thumb/v7e-m+fp/hard/libc_nano.a(libc_a-errno.o)
 .ARM.attributes
                0x00000a37       0x34 /opt/st/stm32cubeide_2.1.0/plugins/com.st.stm32cube.ide.mcu.externaltools.gnu-tools-for-stm32.14.3.rel1.linux64_1.0.100.202602081740/tools/bin/../lib/gcc/arm-none-eabi/14.3.1/../../../../arm-none-eabi/lib/thumb/v7e-m+fp/hard/libc_nano.a(libc_a-init.o)
 .ARM.attributes
                0x00000a6b       0x34 /opt/st/stm32cubeide_2.1.0/plugins/com.st.stm32cube.ide.mcu.externaltools.gnu-tools-for-stm32.14.3.rel1.linux64_1.0.100.202602081740/tools/bin/../lib/gcc/arm-none-eabi/14.3.1/../../../../arm-none-eabi/lib/thumb/v7e-m+fp/hard/libc_nano.a(libc_a-lock.o)
 .ARM.attributes
                0x00000a9f       0x20 /opt/st/stm32cubeide_2.1.0/plugins/com.st.stm32cube.ide.mcu.externaltools.gnu-tools-for-stm32.14.3.rel1.linux64_1.0.100.202602081740/tools/bin/../lib/gcc/arm-none-eabi/14.3.1/../../../../arm-none-eabi/lib/thumb/v7e-m+fp/hard/libc_nano.a(libc_a-strcmp.o)
 .ARM.attributes
                0x00000abf       0x34 /opt/st/stm32cubeide_2.1.0/plugins/com.st.stm32cube.ide.mcu.externaltools.gnu-tools-for-stm32.14.3.rel1.linux64_1.0.100.202602081740/tools/bin/../lib/gcc/arm-none-eabi/14.3.1/../../../../arm-none-eabi/lib/thumb/v7e-m+fp/hard/libc_nano.a(libc_a-memcpy-stub.o)
 .ARM.attributes
                0x00000af3       0x34 /opt/st/stm32cubeide_2.1.0/plugins/com.st.stm32cube.ide.mcu.externaltools.gnu-tools-for-stm32.14.3.rel1.linux64_1.0.100.202602081740/tools/bin/../lib/gcc/arm-none-eabi/14.3.1/../../../../arm-none-eabi/lib/thumb/v7e-m+fp/hard/libc_nano.a(libc_a-abort.o)
 .ARM.attributes
                0x00000b27       0x34 /opt/st/stm32cubeide_2.1.0/plugins/com.st.stm32cube.ide.mcu.externaltools.gnu-tools-for-stm32.14.3.rel1.linux64_1.0.100.202602081740/tools/bin/../lib/gcc/arm-none-eabi/14.3.1/../../../../arm-none-eabi/lib/thumb/v7e-m+fp/hard/libc_nano.a(libc_a-freer.o)
 .ARM.attributes
                0x00000b5b       0x34 /opt/st/stm32cubeide_2.1.0/plugins/com.st.stm32cube.ide.mcu.externaltools.gnu-tools-for-stm32.14.3.rel1.linux64_1.0.100.202602081740/tools/bin/../lib/gcc/arm-none-eabi/14.3.1/../../../../arm-none-eabi/lib/thumb/v7e-m+fp/hard/libc_nano.a(libc_a-nano-vfprintf.o)
 .ARM.attributes
                0x00000b8f       0x34 /opt/st/stm32cubeide_2.1.0/plugins/com.st.stm32cube.ide.mcu.externaltools.gnu-tools-for-stm32.14.3.rel1.linux64_1.0.100.202602081740/tools/bin/../lib/gcc/arm-none-eabi/14.3.1/../../../../arm-none-eabi/lib/thumb/v7e-m+fp/hard/libc_nano.a(libc_a-nano-vfprintf_i.o)
 .ARM.attributes
                0x00000bc3       0x34 /opt/st/stm32cubeide_2.1.0/plugins/com.st.stm32cube.ide.mcu.externaltools.gnu-tools-for-stm32.14.3.rel1.linux64_1.0.100.202602081740/tools/bin/../lib/gcc/arm-none-eabi/14.3.1/../../../../arm-none-eabi/lib/thumb/v7e-m+fp/hard/libc_nano.a(libc_a-fflush.o)
 .ARM.attributes
                0x00000bf7       0x34 /opt/st/stm32cubeide_2.1.0/plugins/com.st.stm32cube.ide.mcu.externaltools.gnu-tools-for-stm32.14.3.rel1.linux64_1.0.100.202602081740/tools/bin/../lib/gcc/arm-none-eabi/14.3.1/../../../../arm-none-eabi/lib/thumb/v7e-m+fp/hard/libc_nano.a(libc_a-wbuf.o)
 .ARM.attributes
                0x00000c2b       0x34 /opt/st/stm32cubeide_2.1.0/plugins/com.st.stm32cube.ide.mcu.externaltools.gnu-tools-for-stm32.14.3.rel1.linux64_1.0.100.202602081740/tools/bin/../lib/gcc/arm-none-eabi/14.3.1/../../../../arm-none-eabi/lib/thumb/v7e-m+fp/hard/libc_nano.a(libc_a-wsetup.o)
 .ARM.attributes
                0x00000c5f       0x34 /opt/st/stm32cubeide_2.1.0/plugins/com.st.stm32cube.ide.mcu.externaltools.gnu-tools-for-stm32.14.3.rel1.linux64_1.0.100.202602081740/tools/bin/../lib/gcc/arm-none-eabi/14.3.1/../../../../arm-none-eabi/lib/thumb/v7e-m+fp/hard/libc_nano.a(libc_a-signal.o)
 .ARM.attributes
                0x00000c93       0x34 /opt/st/stm32cubeide_2.1.0/plugins/com.st.stm32cube.ide.mcu.externaltools.gnu-tools-for-stm32.14.3.rel1.linux64_1.0.100.202602081740/tools/bin/../lib/gcc/arm-none-eabi/14.3.1/../../../../arm-none-eabi/lib/thumb/v7e-m+fp/hard/libc_nano.a(libc_a-signalr.o)
 .ARM.attributes
                0x00000cc7       0x1c /opt/st/stm32cubeide_2.1.0/plugins/com.st.stm32cube.ide.mcu.externaltools.gnu-tools-for-stm32.14.3.rel1.linux64_1.0.100.202602081740/tools/bin/../lib/gcc/arm-none-eabi/14.3.1/../../../../arm-none-eabi/lib/thumb/v7e-m+fp/hard/libc_nano.a(libc_a-memchr.o)
 .ARM.attributes
                0x00000ce3       0x34 /opt/st/stm32cubeide_2.1.0/plugins/com.st.stm32cube.ide.mcu.externaltools.gnu-tools-for-stm32.14.3.rel1.linux64_1.0.100.202602081740/tools/bin/../lib/gcc/arm-none-eabi/14.3.1/../../../../arm-none-eabi/lib/thumb/v7e-m+fp/hard/libc_nano.a(libc_a-makebuf.o)
 .ARM.attributes
                0x00000d17       0x34 /opt/st/stm32cubeide_2.1.0/plugins/com.st.stm32cube.ide.mcu.externaltools.gnu-tools-for-stm32.14.3.rel1.linux64_1.0.100.202602081740/tools/bin/../lib/gcc/arm-none-eabi/14.3.1/../../../../arm-none-eabi/lib/thumb/v7e-m+fp/hard/libc_nano.a(libc_a-fstatr.o)
 .ARM.attributes
                0x00000d4b       0x34 /opt/st/stm32cubeide_2.1.0/plugins/com.st.stm32cube.ide.mcu.externaltools.gnu-tools-for-stm32.14.3.rel1.linux64_1.0.100.202602081740/tools/bin/../lib/gcc/arm-none-eabi/14.3.1/../../../../arm-none-eabi/lib/thumb/v7e-m+fp/hard/libc_nano.a(libc_a-isattyr.o)
 .ARM.attributes
                0x00000d7f       0x22 /opt/st/stm32cubeide_2.1.0/plugins/com.st.stm32cube.ide.mcu.externaltools.gnu-tools-for-stm32.14.3.rel1.linux64_1.0.100.202602081740/tools/bin/../lib/gcc/arm-none-eabi/14.3.1/thumb/v7e-m+fp/hard/crtn.o
OUTPUT(Bouton_RGB_CM4.elf elf32-littlearm)
LOAD linker stubs
LOAD /opt/st/stm32cubeide_2.1.0/plugins/com.st.stm32cube.ide.mcu.externaltools.gnu-tools-for-stm32.14.3.rel1.linux64_1.0.100.202602081740/tools/bin/../lib/gcc/arm-none-eabi/14.3.1/../../../../arm-none-eabi/lib/thumb/v7e-m+fp/hard/libc.a
LOAD /opt/st/stm32cubeide_2.1.0/plugins/com.st.stm32cube.ide.mcu.externaltools.gnu-tools-for-stm32.14.3.rel1.linux64_1.0.100.202602081740/tools/bin/../lib/gcc/arm-none-eabi/14.3.1/../../../../arm-none-eabi/lib/thumb/v7e-m+fp/hard/libm.a